Component: ARM Compiler 5.06 update 6 (build 750) Tool: armlink [4d35ed]

==============================================================================

Section Cross References

    startup_stm32f427xx.o(STACK) refers (Special) to heapauxi.o(.text) for __use_two_region_memory
    startup_stm32f427xx.o(HEAP) refers (Special) to heapauxi.o(.text) for __use_two_region_memory
    startup_stm32f427xx.o(RESET) refers (Special) to heapauxi.o(.text) for __use_two_region_memory
    startup_stm32f427xx.o(RESET) refers to startup_stm32f427xx.o(STACK) for __initial_sp
    startup_stm32f427xx.o(RESET) refers to startup_stm32f427xx.o(.text) for Reset_Handler
    startup_stm32f427xx.o(RESET) refers to stm32f4xx_it.o(i.NMI_Handler) for NMI_Handler
    startup_stm32f427xx.o(RESET) refers to context_rvds.o(.text) for HardFault_Handler
    startup_stm32f427xx.o(RESET) refers to stm32f4xx_it.o(i.MemManage_Handler) for MemManage_Handler
    startup_stm32f427xx.o(RESET) refers to stm32f4xx_it.o(i.BusFault_Handler) for BusFault_Handler
    startup_stm32f427xx.o(RESET) refers to stm32f4xx_it.o(i.UsageFault_Handler) for UsageFault_Handler
    startup_stm32f427xx.o(RESET) refers to stm32f4xx_it.o(i.DebugMon_Handler) for DebugMon_Handler
    startup_stm32f427xx.o(RESET) refers to board.o(i.SysTick_Handler) for SysTick_Handler
    startup_stm32f427xx.o(RESET) refers to stm32f4xx_it.o(i.EXTI2_IRQHandler) for EXTI2_IRQHandler
    startup_stm32f427xx.o(RESET) refers to stm32f4xx_it.o(i.DMA1_Stream1_IRQHandler) for DMA1_Stream1_IRQHandler
    startup_stm32f427xx.o(RESET) refers to stm32f4xx_it.o(i.DMA1_Stream3_IRQHandler) for DMA1_Stream3_IRQHandler
    startup_stm32f427xx.o(RESET) refers to stm32f4xx_it.o(i.DMA1_Stream5_IRQHandler) for DMA1_Stream5_IRQHandler
    startup_stm32f427xx.o(RESET) refers to stm32f4xx_it.o(i.DMA1_Stream6_IRQHandler) for DMA1_Stream6_IRQHandler
    startup_stm32f427xx.o(RESET) refers to stm32f4xx_it.o(i.ADC_IRQHandler) for ADC_IRQHandler
    startup_stm32f427xx.o(RESET) refers to stm32f4xx_it.o(i.CAN1_TX_IRQHandler) for CAN1_TX_IRQHandler
    startup_stm32f427xx.o(RESET) refers to stm32f4xx_it.o(i.CAN1_RX0_IRQHandler) for CAN1_RX0_IRQHandler
    startup_stm32f427xx.o(RESET) refers to stm32f4xx_it.o(i.CAN1_RX1_IRQHandler) for CAN1_RX1_IRQHandler
    startup_stm32f427xx.o(RESET) refers to stm32f4xx_it.o(i.TIM1_UP_TIM10_IRQHandler) for TIM1_UP_TIM10_IRQHandler
    startup_stm32f427xx.o(RESET) refers to stm32f4xx_it.o(i.USART1_IRQHandler) for USART1_IRQHandler
    startup_stm32f427xx.o(RESET) refers to stm32f4xx_it.o(i.USART2_IRQHandler) for USART2_IRQHandler
    startup_stm32f427xx.o(RESET) refers to stm32f4xx_it.o(i.USART3_IRQHandler) for USART3_IRQHandler
    startup_stm32f427xx.o(RESET) refers to stm32f4xx_it.o(i.TIM6_DAC_IRQHandler) for TIM6_DAC_IRQHandler
    startup_stm32f427xx.o(RESET) refers to stm32f4xx_it.o(i.TIM7_IRQHandler) for TIM7_IRQHandler
    startup_stm32f427xx.o(RESET) refers to stm32f4xx_it.o(i.DMA2_Stream0_IRQHandler) for DMA2_Stream0_IRQHandler
    startup_stm32f427xx.o(RESET) refers to stm32f4xx_it.o(i.DMA2_Stream1_IRQHandler) for DMA2_Stream1_IRQHandler
    startup_stm32f427xx.o(RESET) refers to stm32f4xx_it.o(i.DMA2_Stream2_IRQHandler) for DMA2_Stream2_IRQHandler
    startup_stm32f427xx.o(RESET) refers to stm32f4xx_it.o(i.DMA2_Stream3_IRQHandler) for DMA2_Stream3_IRQHandler
    startup_stm32f427xx.o(RESET) refers to stm32f4xx_it.o(i.CAN2_TX_IRQHandler) for CAN2_TX_IRQHandler
    startup_stm32f427xx.o(RESET) refers to stm32f4xx_it.o(i.CAN2_RX0_IRQHandler) for CAN2_RX0_IRQHandler
    startup_stm32f427xx.o(RESET) refers to stm32f4xx_it.o(i.CAN2_RX1_IRQHandler) for CAN2_RX1_IRQHandler
    startup_stm32f427xx.o(RESET) refers to stm32f4xx_it.o(i.DMA2_Stream6_IRQHandler) for DMA2_Stream6_IRQHandler
    startup_stm32f427xx.o(RESET) refers to stm32f4xx_it.o(i.USART6_IRQHandler) for USART6_IRQHandler
    startup_stm32f427xx.o(RESET) refers to stm32f4xx_it.o(i.UART7_IRQHandler) for UART7_IRQHandler
    startup_stm32f427xx.o(RESET) refers to stm32f4xx_it.o(i.UART8_IRQHandler) for UART8_IRQHandler
    startup_stm32f427xx.o(.text) refers (Special) to heapauxi.o(.text) for __use_two_region_memory
    startup_stm32f427xx.o(.text) refers to system_stm32f4xx.o(i.SystemInit) for SystemInit
    startup_stm32f427xx.o(.text) refers to __main.o(!!!main) for __main
    startup_stm32f427xx.o(.text) refers to startup_stm32f427xx.o(HEAP) for Heap_Mem
    startup_stm32f427xx.o(.text) refers to startup_stm32f427xx.o(STACK) for Stack_Mem
    main.o(i.Error_Handler) refers to kservice.o(i.rt_kprintf) for rt_kprintf
    main.o(i.main) refers to kservice.o(i.rt_kprintf) for rt_kprintf
    main.o(.ARM.exidx) refers to main.o(i.main) for i.main
    main.o(.ARM.exidx) refers to main.o(i.Error_Handler) for i.Error_Handler
    gpio.o(i.MX_GPIO_Init) refers to rt_memclr_w.o(.text) for __aeabi_memclr4
    gpio.o(i.MX_GPIO_Init) refers to stm32f4xx_hal_gpio.o(i.HAL_GPIO_WritePin) for HAL_GPIO_WritePin
[...]
    OTG_HS_IRQHandler                        0x0800026b   Thumb Code     0  startup_stm32f427xx.o(.text)
    OTG_HS_WKUP_IRQHandler                   0x0800026b   Thumb Code     0  startup_stm32f427xx.o(.text)
    PVD_IRQHandler                           0x0800026b   Thumb Code     0  startup_stm32f427xx.o(.text)
    RCC_IRQHandler                           0x0800026b   Thumb Code     0  startup_stm32f427xx.o(.text)
    RTC_Alarm_IRQHandler                     0x0800026b   Thumb Code     0  startup_stm32f427xx.o(.text)
    RTC_WKUP_IRQHandler                      0x0800026b   Thumb Code     0  startup_stm32f427xx.o(.text)
    SAI1_IRQHandler                          0x0800026b   Thumb Code     0  startup_stm32f427xx.o(.text)
    SDIO_IRQHandler                          0x0800026b   Thumb Code     0  startup_stm32f427xx.o(.text)
    SPI1_IRQHandler                          0x0800026b   Thumb Code     0  startup_stm32f427xx.o(.text)
    SPI2_IRQHandler                          0x0800026b   Thumb Code     0  startup_stm32f427xx.o(.text)
    SPI3_IRQHandler                          0x0800026b   Thumb Code     0  startup_stm32f427xx.o(.text)
    SPI4_IRQHandler                          0x0800026b   Thumb Code     0  startup_stm32f427xx.o(.text)
    SPI5_IRQHandler                          0x0800026b   Thumb Code     0  startup_stm32f427xx.o(.text)
    SPI6_IRQHandler                          0x0800026b   Thumb Code     0  startup_stm32f427xx.o(.text)
    TAMP_STAMP_IRQHandler                    0x0800026b   Thumb Code     0  startup_stm32f427xx.o(.text)
    TIM1_BRK_TIM9_IRQHandler                 0x0800026b   Thumb Code     0  startup_stm32f427xx.o(.text)
    TIM1_CC_IRQHandler                       0x0800026b   Thumb Code     0  startup_stm32f427xx.o(.text)
    TIM1_TRG_COM_TIM11_IRQHandler            0x0800026b   Thumb Code     0  startup_stm32f427xx.o(.text)
    TIM2_IRQHandler                          0x0800026b   Thumb Code     0  startup_stm32f427xx.o(.text)
    TIM3_IRQHandler                          0x0800026b   Thumb Code     0  startup_stm32f427xx.o(.text)
    TIM4_IRQHandler                          0x0800026b   Thumb Code     0  startup_stm32f427xx.o(.text)
    TIM5_IRQHandler                          0x0800026b   Thumb Code     0  startup_stm32f427xx.o(.text)
    TIM8_BRK_TIM12_IRQHandler                0x0800026b   Thumb Code     0  startup_stm32f427xx.o(.text)
    TIM8_CC_IRQHandler                       0x0800026b   Thumb Code     0  startup_stm32f427xx.o(.text)
    TIM8_TRG_COM_TIM14_IRQHandler            0x0800026b   Thumb Code     0  startup_stm32f427xx.o(.text)
    TIM8_UP_TIM13_IRQHandler                 0x0800026b   Thumb Code     0  startup_stm32f427xx.o(.text)
    UART4_IRQHandler                         0x0800026b   Thumb Code     0  startup_stm32f427xx.o(.text)
    UART5_IRQHandler                         0x0800026b   Thumb Code     0  startup_stm32f427xx.o(.text)
    WWDG_IRQHandler                          0x0800026b   Thumb Code     0  startup_stm32f427xx.o(.text)
    __user_initial_stackheap                 0x0800026d   Thumb Code     0  startup_stm32f427xx.o(.text)
    rt_hw_interrupt_disable                  0x08000291   Thumb Code     8  context_rvds.o(.text)
    rt_hw_interrupt_enable                   0x08000299   Thumb Code     6  context_rvds.o(.text)
    rt_hw_context_switch                     0x0800029f   Thumb Code    32  context_rvds.o(.text)
    rt_hw_context_switch_interrupt           0x0800029f   Thumb Code     0  context_rvds.o(.text)
    PendSV_Handler                           0x080002bf   Thumb Code   108  context_rvds.o(.text)
    rt_hw_context_switch_to                  0x0800032b   Thumb Code    68  context_rvds.o(.text)
    rt_hw_interrupt_thread_switch            0x0800036f   Thumb Code     2  context_rvds.o(.text)
    HardFault_Handler                        0x08000371   Thumb Code    56  context_rvds.o(.text)
    __aeabi_uldivmod                         0x080003c5   Thumb Code     0  lludivv7m.o(.text)
    _ll_udiv                                 0x080003c5   Thumb Code   238  lludivv7m.o(.text)
    strcpy                                   0x080004b3   Thumb Code    72  strcpy.o(.text)
    strlen                                   0x080004fb   Thumb Code    62  strlen.o(.text)
    strncmp                                  0x08000539   Thumb Code   150  strncmp.o(.text)
    strcat                                   0x080005cf   Thumb Code    24  strcat.o(.text)
    __aeabi_memcpy4                          0x080005e7   Thumb Code     0  rt_memcpy_w.o(.text)
    __aeabi_memcpy8                          0x080005e7   Thumb Code     0  rt_memcpy_w.o(.text)
    __rt_memcpy_w                            0x080005e7   Thumb Code   100  rt_memcpy_w.o(.text)
    _memcpy_lastbytes_aligned                0x0800062f   Thumb Code     0  rt_memcpy_w.o(.text)
    __aeabi_memclr                           0x0800064b   Thumb Code     0  rt_memclr.o(.text)
    __rt_memclr                              0x0800064b   Thumb Code    68  rt_memclr.o(.text)
    _memset                                  0x0800064f   Thumb Code     0  rt_memclr.o(.text)
    __aeabi_memclr4                          0x0800068f   Thumb Code     0  rt_memclr_w.o(.text)
    __aeabi_memclr8                          0x0800068f   Thumb Code     0  rt_memclr_w.o(.text)
    __rt_memclr_w                            0x0800068f   Thumb Code    78  rt_memclr_w.o(.text)
    _memset_w                                0x08000693   Thumb Code     0  rt_memclr_w.o(.text)
    strncpy                                  0x080006dd   Thumb Code    86  strncpy.o(.text)
    __use_two_region_memory                  0x08000733   Thumb Code     2  heapauxi.o(.text)
    __rt_heap_escrow$2region                 0x08000735   Thumb Code     2  heapauxi.o(.text)
    __rt_heap_expand$2region                 0x08000737   Thumb Code     2  heapauxi.o(.text)
    __cpp_initialize__aeabi_                 0x08000739   Thumb Code    26  init_aeabi.o(.text)
    __user_setup_stackheap                   0x0800075d   Thumb Code    74  sys_stackheap_outer.o(.text)
    exit                                     0x080007a7   Thumb Code    18  exit.o(.text)
    __user_libspace                          0x080007b9   Thumb Code     8  libspace.o(.text)
    __user_perproc_libspace                  0x080007b9   Thumb Code     0  libspace.o(.text)
    __user_perthread_libspace                0x080007b9   Thumb Code     0  libspace.o(.text)
    _sys_exit                                0x080007c1   Thumb Code     8  sys_exit.o(.text)
    __I$use$semihosting                      0x080007cd   Thumb Code     0  use_no_semi.o(.text)
    __use_no_semihosting_swi                 0x080007cd   Thumb Code     2  use_no_semi.o(.text)
    __semihosting_library_function           0x080007cf   Thumb Code     0  indicate_semi.o(.text)
    main                                     0x080007cf   Thumb Code    10  components.o(i.$Sub$$main)
    ADC_IRQHandler                           0x080007d9   Thumb Code    18  stm32f4xx_it.o(i.ADC_IRQHandler)
    BusFault_Handler                         0x0800091d   Thumb Code     2  stm32f4xx_it.o(i.BusFault_Handler)
    CAN1_RX0_IRQHandler                      0x08000921   Thumb Code     6  stm32f4xx_it.o(i.CAN1_RX0_IRQHandler)
    CAN1_RX1_IRQHandler                      0x0800092d   Thumb Code     6  stm32f4xx_it.o(i.CAN1_RX1_IRQHandler)
    CAN1_TX_IRQHandler                       0x08000939   Thumb Code     6  stm32f4xx_it.o(i.CAN1_TX_IRQHandler)
    CAN2_RX0_IRQHandler                      0x08000945   Thumb Code     6  stm32f4xx_it.o(i.CAN2_RX0_IRQHandler)
    CAN2_RX1_IRQHandler                      0x08000951   Thumb Code     6  stm32f4xx_it.o(i.CAN2_RX1_IRQHandler)
    CAN2_TX_IRQHandler                       0x0800095d   Thumb Code     6  stm32f4xx_it.o(i.CAN2_TX_IRQHandler)
    DMA1_Stream1_IRQHandler                  0x08000969   Thumb Code     6  stm32f4xx_it.o(i.DMA1_Stream1_IRQHandler)
    DMA1_Stream3_IRQHandler                  0x08000975   Thumb Code     6  stm32f4xx_it.o(i.DMA1_Stream3_IRQHandler)
    DMA1_Stream5_IRQHandler                  0x08000981   Thumb Code     6  stm32f4xx_it.o(i.DMA1_Stream5_IRQHandler)
    DMA1_Stream6_IRQHandler                  0x0800098d   Thumb Code     6  stm32f4xx_it.o(i.DMA1_Stream6_IRQHandler)
    DMA2_Stream0_IRQHandler                  0x08000999   Thumb Code     6  stm32f4xx_it.o(i.DMA2_Stream0_IRQHandler)
    DMA2_Stream1_IRQHandler                  0x080009a5   Thumb Code     6  stm32f4xx_it.o(i.DMA2_Stream1_IRQHandler)
    DMA2_Stream2_IRQHandler                  0x080009b1   Thumb Code     6  stm32f4xx_it.o(i.DMA2_Stream2_IRQHandler)
    DMA2_Stream3_IRQHandler                  0x080009bd   Thumb Code     6  stm32f4xx_it.o(i.DMA2_Stream3_IRQHandler)
    DMA2_Stream6_IRQHandler                  0x080009c9   Thumb Code     6  stm32f4xx_it.o(i.DMA2_Stream6_IRQHandler)
    DebugMon_Handler                         0x08000a51   Thumb Code     2  stm32f4xx_it.o(i.DebugMon_Handler)
    EXTI2_IRQHandler                         0x08000a53   Thumb Code     6  stm32f4xx_it.o(i.EXTI2_IRQHandler)
    Error_Handler                            0x08000a59   Thumb Code    10  main.o(i.Error_Handler)
    HAL_ADCEx_InjectedConvCpltCallback       0x08000a71   Thumb Code     2  stm32f4xx_hal_adc_ex.o(i.HAL_ADCEx_InjectedConvCpltCallback)
    HAL_ADC_ConfigChannel                    0x08000a75   Thumb Code   334  stm32f4xx_hal_adc.o(i.HAL_ADC_ConfigChannel)
    HAL_ADC_ConvCpltCallback                 0x08000bd9   Thumb Code     2  stm32f4xx_hal_adc.o(i.HAL_ADC_ConvCpltCallback)
    HAL_ADC_ErrorCallback                    0x08000bdb   Thumb Code     2  stm32f4xx_hal_adc.o(i.HAL_ADC_ErrorCallback)
    HAL_ADC_IRQHandler                       0x08000bdd   Thumb Code   302  stm32f4xx_hal_adc.o(i.HAL_ADC_IRQHandler)
    HAL_ADC_Init                             0x08000d0b   Thumb Code    84  stm32f4xx_hal_adc.o(i.HAL_ADC_Init)
    HAL_ADC_LevelOutOfWindowCallback         0x08000d5f   Thumb Code     2  stm32f4xx_hal_adc.o(i.HAL_ADC_LevelOutOfWindowCallback)
    HAL_ADC_MspInit                          0x08000d61   Thumb Code   278  adc.o(i.HAL_ADC_MspInit)
    HAL_CAN_ActivateNotification             0x08000e99   Thumb Code    36  stm32f4xx_hal_can.o(i.HAL_CAN_ActivateNotification)
    HAL_CAN_ConfigFilter                     0x08000ebd   Thumb Code   262  stm32f4xx_hal_can.o(i.HAL_CAN_ConfigFilter)
    HAL_CAN_ErrorCallback                    0x08000fc9   Thumb Code     2  stm32f4xx_hal_can.o(i.HAL_CAN_ErrorCallback)
    HAL_CAN_GetRxMessage                     0x08000fcb   Thumb Code   232  stm32f4xx_hal_can.o(i.HAL_CAN_GetRxMessage)
    HAL_CAN_IRQHandler                       0x080010b3   Thumb Code   508  stm32f4xx_hal_can.o(i.HAL_CAN_IRQHandler)
    HAL_CAN_Init                             0x080012af   Thumb Code   282  stm32f4xx_hal_can.o(i.HAL_CAN_Init)
    HAL_CAN_MspInit                          0x080013c9   Thumb Code   292  can.o(i.HAL_CAN_MspInit)
    HAL_CAN_RxFifo0FullCallback              0x08001505   Thumb Code     2  stm32f4xx_hal_can.o(i.HAL_CAN_RxFifo0FullCallback)
    HAL_CAN_RxFifo0MsgPendingCallback        0x08001509   Thumb Code     6  callbackadministration.o(i.HAL_CAN_RxFifo0MsgPendingCallback)
    HAL_CAN_RxFifo1FullCallback              0x08001515   Thumb Code     2  stm32f4xx_hal_can.o(i.HAL_CAN_RxFifo1FullCallback)
    HAL_CAN_RxFifo1MsgPendingCallback        0x08001517   Thumb Code     2  stm32f4xx_hal_can.o(i.HAL_CAN_RxFifo1MsgPendingCallback)
    HAL_CAN_SleepCallback                    0x08001519   Thumb Code     2  stm32f4xx_hal_can.o(i.HAL_CAN_SleepCallback)
    HAL_CAN_Start                            0x0800151d   Thumb Code    88  stm32f4xx_hal_can.o(i.HAL_CAN_Start)
    HAL_CAN_TxMailbox0AbortCallback          0x08001575   Thumb Code     2  stm32f4xx_hal_can.o(i.HAL_CAN_TxMailbox0AbortCallback)
    HAL_CAN_TxMailbox0CompleteCallback       0x08001577   Thumb Code     2  stm32f4xx_hal_can.o(i.HAL_CAN_TxMailbox0CompleteCallback)
    HAL_CAN_TxMailbox1AbortCallback          0x08001579   Thumb Code     2  stm32f4xx_hal_can.o(i.HAL_CAN_TxMailbox1AbortCallback)
    HAL_CAN_TxMailbox1CompleteCallback       0x0800157b   Thumb Code     2  stm32f4xx_hal_can.o(i.HAL_CAN_TxMailbox1CompleteCallback)
    HAL_CAN_TxMailbox2AbortCallback          0x0800157d   Thumb Code     2  stm32f4xx_hal_can.o(i.HAL_CAN_TxMailbox2AbortCallback)
    HAL_CAN_TxMailbox2CompleteCallback       0x0800157f   Thumb Code     2  stm32f4xx_hal_can.o(i.HAL_CAN_TxMailbox2CompleteCallback)
    HAL_CAN_WakeUpFromRxMsgCallback          0x08001581   Thumb Code     2  stm32f4xx_hal_can.o(i.HAL_CAN_WakeUpFromRxMsgCallback)
    HAL_DACEx_DMAUnderrunCallbackCh2         0x08001583   Thumb Code     2  stm32f4xx_hal_dac_ex.o(i.HAL_DACEx_DMAUnderrunCallbackCh2)
    HAL_DAC_ConfigChannel                    0x08001585   Thumb Code    70  stm32f4xx_hal_dac.o(i.HAL_DAC_ConfigChannel)
    HAL_DAC_DMAUnderrunCallbackCh1           0x080015cb   Thumb Code     2  stm32f4xx_hal_dac.o(i.HAL_DAC_DMAUnderrunCallbackCh1)
    HAL_DAC_IRQHandler                       0x080015cd   Thumb Code   104  stm32f4xx_hal_dac.o(i.HAL_DAC_IRQHandler)
    HAL_DAC_Init                             0x08001635   Thumb Code    40  stm32f4xx_hal_dac.o(i.HAL_DAC_Init)
    HAL_DAC_MspInit                          0x0800165d   Thumb Code   100  dac.o(i.HAL_DAC_MspInit)
    HAL_DMA_Abort                            0x080016cd   Thumb Code   146  stm32f4xx_hal_dma.o(i.HAL_DMA_Abort)
    HAL_DMA_Abort_IT                         0x0800175f   Thumb Code    36  stm32f4xx_hal_dma.o(i.HAL_DMA_Abort_IT)
    HAL_DMA_IRQHandler                       0x08001785   Thumb Code   412  stm32f4xx_hal_dma.o(i.HAL_DMA_IRQHandler)
    HAL_DMA_Init                             0x08001925   Thumb Code   206  stm32f4xx_hal_dma.o(i.HAL_DMA_Init)
    HAL_GPIO_EXTI_Callback                   0x080019f9   Thumb Code     2  stm32f4xx_hal_gpio.o(i.HAL_GPIO_EXTI_Callback)
    HAL_GPIO_EXTI_IRQHandler                 0x080019fd   Thumb Code    18  stm32f4xx_hal_gpio.o(i.HAL_GPIO_EXTI_IRQHandler)
    HAL_GPIO_Init                            0x08001a15   Thumb Code   510  stm32f4xx_hal_gpio.o(i.HAL_GPIO_Init)
    HAL_GPIO_WritePin                        0x08001c49   Thumb Code    10  stm32f4xx_hal_gpio.o(i.HAL_GPIO_WritePin)
    HAL_GetTick                              0x08001c55   Thumb Code     6  stm32f4xx_hal.o(i.HAL_GetTick)
    HAL_Init                                 0x08001c61   Thumb Code    48  stm32f4xx_hal.o(i.HAL_Init)
    HAL_InitTick                             0x08001c95   Thumb Code    54  stm32f4xx_hal.o(i.HAL_InitTick)
    HAL_MspInit                              0x08001cd5   Thumb Code    42  stm32f4xx_hal_msp.o(i.HAL_MspInit)
    HAL_NVIC_EnableIRQ                       0x08001d05   Thumb Code    26  stm32f4xx_hal_cortex.o(i.HAL_NVIC_EnableIRQ)
    HAL_NVIC_SetPriority                     0x08001d21   Thumb Code    60  stm32f4xx_hal_cortex.o(i.HAL_NVIC_SetPriority)
    HAL_NVIC_SetPriorityGrouping             0x08001d61   Thumb Code    26  stm32f4xx_hal_cortex.o(i.HAL_NVIC_SetPriorityGrouping)
    HAL_RCC_ClockConfig                      0x08001d85   Thumb Code   288  stm32f4xx_hal_rcc.o(i.HAL_RCC_ClockConfig)
    HAL_RCC_GetHCLKFreq                      0x08001eb9   Thumb Code     6  stm32f4xx_hal_rcc.o(i.HAL_RCC_GetHCLKFreq)
    HAL_RCC_GetPCLK1Freq                     0x08001ec5   Thumb Code    20  stm32f4xx_hal_rcc.o(i.HAL_RCC_GetPCLK1Freq)
    HAL_RCC_GetPCLK2Freq                     0x08001ee5   Thumb Code    20  stm32f4xx_hal_rcc.o(i.HAL_RCC_GetPCLK2Freq)
    HAL_RCC_GetSysClockFreq                  0x08001f05   Thumb Code    88  stm32f4xx_hal_rcc.o(i.HAL_RCC_GetSysClockFreq)
    HAL_RCC_OscConfig                        0x08001f69   Thumb Code   856  stm32f4xx_hal_rcc.o(i.HAL_RCC_OscConfig)
    HAL_SPI_Init                             0x080022d5   Thumb Code   188  stm32f4xx_hal_spi.o(i.HAL_SPI_Init)
    HAL_SPI_MspInit                          0x08002391   Thumb Code    94  spi.o(i.HAL_SPI_MspInit)
    HAL_SYSTICK_Config                       0x080023fd   Thumb Code    40  stm32f4xx_hal_cortex.o(i.HAL_SYSTICK_Config)
    HAL_TIMEx_BreakCallback                  0x08002425   Thumb Code     2  stm32f4xx_hal_tim_ex.o(i.HAL_TIMEx_BreakCallback)
    HAL_TIMEx_CommutCallback                 0x08002427   Thumb Code     2  stm32f4xx_hal_tim_ex.o(i.HAL_TIMEx_CommutCallback)
    HAL_TIMEx_ConfigBreakDeadTime            0x08002429   Thumb Code    84  stm32f4xx_hal_tim_ex.o(i.HAL_TIMEx_ConfigBreakDeadTime)
    HAL_TIMEx_MasterConfigSynchronization    0x0800247d   Thumb Code   116  stm32f4xx_hal_tim_ex.o(i.HAL_TIMEx_MasterConfigSynchronization)
    HAL_TIM_Base_Init                        0x0800250d   Thumb Code    90  stm32f4xx_hal_tim.o(i.HAL_TIM_Base_Init)
    HAL_TIM_Base_MspInit                     0x08002569   Thumb Code   170  tim.o(i.HAL_TIM_Base_MspInit)
    HAL_TIM_Base_Start_IT                    0x08002629   Thumb Code   100  stm32f4xx_hal_tim.o(i.HAL_TIM_Base_Start_IT)
    HAL_TIM_ConfigClockSource                0x080026a9   Thumb Code   220  stm32f4xx_hal_tim.o(i.HAL_TIM_ConfigClockSource)
    HAL_TIM_IC_CaptureCallback               0x08002785   Thumb Code     2  stm32f4xx_hal_tim.o(i.HAL_TIM_IC_CaptureCallback)
    HAL_TIM_IRQHandler                       0x08002787   Thumb Code   358  stm32f4xx_hal_tim.o(i.HAL_TIM_IRQHandler)
    HAL_TIM_MspPostInit                      0x080028ed   Thumb Code   228  tim.o(i.HAL_TIM_MspPostInit)
    HAL_TIM_OC_DelayElapsedCallback          0x080029f5   Thumb Code     2  stm32f4xx_hal_tim.o(i.HAL_TIM_OC_DelayElapsedCallback)
    HAL_TIM_PWM_ConfigChannel                0x080029f7   Thumb Code   204  stm32f4xx_hal_tim.o(i.HAL_TIM_PWM_ConfigChannel)
    HAL_TIM_PWM_Init                         0x08002ac3   Thumb Code    90  stm32f4xx_hal_tim.o(i.HAL_TIM_PWM_Init)
    HAL_TIM_PWM_MspInit                      0x08002b1d   Thumb Code    64  tim.o(i.HAL_TIM_PWM_MspInit)
    HAL_TIM_PWM_PulseFinishedCallback        0x08002b6d   Thumb Code     2  stm32f4xx_hal_tim.o(i.HAL_TIM_PWM_PulseFinishedCallback)
    HAL_TIM_PeriodElapsedCallback            0x08002b71   Thumb Code    34  callbackadministration.o(i.HAL_TIM_PeriodElapsedCallback)
    HAL_TIM_TriggerCallback                  0x08002ba9   Thumb Code     2  stm32f4xx_hal_tim.o(i.HAL_TIM_TriggerCallback)
    HAL_UARTEx_RxEventCallback               0x08002bab   Thumb Code     2  stm32f4xx_hal_uart.o(i.HAL_UARTEx_RxEventCallback)
    HAL_UART_ErrorCallback                   0x08002bad   Thumb Code     2  stm32f4xx_hal_uart.o(i.HAL_UART_ErrorCallback)
    HAL_UART_IRQHandler                      0x08002bb1   Thumb Code   610  stm32f4xx_hal_uart.o(i.HAL_UART_IRQHandler)
    HAL_UART_Init                            0x08002e19   Thumb Code    98  stm32f4xx_hal_uart.o(i.HAL_UART_Init)
    HAL_UART_MspInit                         0x08002e7d   Thumb Code   910  usart.o(i.HAL_UART_MspInit)
    HAL_UART_RxCpltCallback                  0x08003255   Thumb Code     2  stm32f4xx_hal_uart.o(i.HAL_UART_RxCpltCallback)
    HAL_UART_Transmit                        0x08003259   Thumb Code   178  stm32f4xx_hal_uart.o(i.HAL_UART_Transmit)
    HAL_UART_TxCpltCallback                  0x0800330b   Thumb Code     2  stm32f4xx_hal_uart.o(i.HAL_UART_TxCpltCallback)
    MX_ADC1_Init                             0x0800330d   Thumb Code   154  adc.o(i.MX_ADC1_Init)
    MX_ADC2_Init                             0x080033b5   Thumb Code    86  adc.o(i.MX_ADC2_Init)
    MX_CAN1_Init                             0x08003419   Thumb Code    60  can.o(i.MX_CAN1_Init)
    MX_CAN2_Init                             0x0800345d   Thumb Code    60  can.o(i.MX_CAN2_Init)
    MX_DAC_Init                              0x080034a1   Thumb Code    66  dac.o(i.MX_DAC_Init)
    MX_DMA_Init                              0x080034ed   Thumb Code   184  dma.o(i.MX_DMA_Init)
    MX_GPIO_Init                             0x080035a9   Thumb Code   402  gpio.o(i.MX_GPIO_Init)
    MX_SPI5_Init                             0x08003759   Thumb Code    62  spi.o(i.MX_SPI5_Init)
    MX_TIM10_Init                            0x080037a1   Thumb Code    44  tim.o(i.MX_TIM10_Init)
    MX_TIM12_Init                            0x080037d5   Thumb Code   126  tim.o(i.MX_TIM12_Init)
    MX_TIM2_Init                             0x0800385d   Thumb Code   162  tim.o(i.MX_TIM2_Init)
    MX_TIM3_Init                             0x08003905   Thumb Code   102  tim.o(i.MX_TIM3_Init)
    MX_TIM5_Init                             0x08003975   Thumb Code   106  tim.o(i.MX_TIM5_Init)
    MX_TIM6_Init                             0x080039ed   Thumb Code    60  tim.o(i.MX_TIM6_Init)
    MX_TIM7_Init                             0x08003a31   Thumb Code    60  tim.o(i.MX_TIM7_Init)
    MX_TIM8_Init                             0x08003a75   Thumb Code   168  tim.o(i.MX_TIM8_Init)
    MX_UART5_Init                            0x08003b25   Thumb Code    48  usart.o(i.MX_UART5_Init)
    MX_UART7_Init                            0x08003b5d   Thumb Code    48  usart.o(i.MX_UART7_Init)
    MX_UART8_Init                            0x08003b95   Thumb Code    48  usart.o(i.MX_UART8_Init)
    MX_USART1_UART_Init                      0x08003bcd   Thumb Code    54  usart.o(i.MX_USART1_UART_Init)
    MX_USART2_UART_Init                      0x08003c11   Thumb Code    48  usart.o(i.MX_USART2_UART_Init)
    MX_USART3_UART_Init                      0x08003c49   Thumb Code    48  usart.o(i.MX_USART3_UART_Init)
    MX_USART6_UART_Init                      0x08003c81   Thumb Code    48  usart.o(i.MX_USART6_UART_Init)
    MemManage_Handler                        0x08003cb9   Thumb Code     2  stm32f4xx_it.o(i.MemManage_Handler)
    NMI_Handler                              0x08003cbb   Thumb Code     2  stm32f4xx_it.o(i.NMI_Handler)
    SysTick_Handler                          0x08003cbd   Thumb Code    18  board.o(i.SysTick_Handler)
    SystemClock_Config                       0x08003cd1   Thumb Code   146  board.o(i.SystemClock_Config)
    SystemCoreClockUpdate                    0x08003d6d   Thumb Code   104  system_stm32f4xx.o(i.SystemCoreClockUpdate)
    SystemInit                               0x08003de9   Thumb Code    12  system_stm32f4xx.o(i.SystemInit)
    TIM1_UP_TIM10_IRQHandler                 0x08003df9   Thumb Code     6  stm32f4xx_it.o(i.TIM1_UP_TIM10_IRQHandler)
    TIM6_DAC_IRQHandler                      0x08003e05   Thumb Code    18  stm32f4xx_it.o(i.TIM6_DAC_IRQHandler)
    TIM7_IRQHandler                          0x08003e21   Thumb Code     6  stm32f4xx_it.o(i.TIM7_IRQHandler)
    TIM_Base_SetConfig                       0x08003e2d   Thumb Code   156  stm32f4xx_hal_tim.o(i.TIM_Base_SetConfig)
    TIM_ETR_SetConfig                        0x08003ef5   Thumb Code    20  stm32f4xx_hal_tim.o(i.TIM_ETR_SetConfig)
    TIM_OC2_SetConfig                        0x08003f79   Thumb Code    98  stm32f4xx_hal_tim.o(i.TIM_OC2_SetConfig)
    UART7_IRQHandler                         0x080040e5   Thumb Code     6  stm32f4xx_it.o(i.UART7_IRQHandler)
    UART8_IRQHandler                         0x080040f1   Thumb Code     6  stm32f4xx_it.o(i.UART8_IRQHandler)
    USART1_IRQHandler                        0x080043a1   Thumb Code     6  stm32f4xx_it.o(i.USART1_IRQHandler)
    USART2_IRQHandler                        0x080043ad   Thumb Code     6  stm32f4xx_it.o(i.USART2_IRQHandler)
    USART3_IRQHandler                        0x080043b9   Thumb Code     6  stm32f4xx_it.o(i.USART3_IRQHandler)
    USART6_IRQHandler                        0x080043c5   Thumb Code     6  stm32f4xx_it.o(i.USART6_IRQHandler)
    UsageFault_Handler                       0x080043d1   Thumb Code     2  stm32f4xx_it.o(i.UsageFault_Handler)
    CAN::RxHandle()                          0x080043d3   Thumb Code    20  canservice.o(i._ZN3CAN8RxHandleEv)
    CAN::CAN()                               0x080043e9   Thumb Code    76  canservice.o(i._ZN3CANC1Ev)
    CAN::CAN__sub_object()                   0x080043e9   Thumb Code     0  canservice.o(i._ZN3CANC1Ev)
    __rt_ffs                                 0x08004459   Thumb Code    64  kservice.o(i.__rt_ffs)
    cmd_ps                                   0x080046d1   Thumb Code    10  msh.o(i.cmd_ps)
    finsh_get_prompt                         0x080046dd   Thumb Code    66  shell.o(i.finsh_get_prompt)
    finsh_set_prompt_mode                    0x0800473d   Thumb Code    16  shell.o(i.finsh_set_prompt_mode)
    finsh_system_function_init               0x08004751   Thumb Code     8  shell.o(i.finsh_system_function_init)
    finsh_system_init                        0x0800475d   Thumb Code    82  shell.o(i.finsh_system_init)
    finsh_thread_entry                       0x080047d5   Thumb Code   612  shell.o(i.finsh_thread_entry)
    hello                                    0x08004ad9   Thumb Code    12  cmd.o(i.hello)
    list                                     0x08004af9   Thumb Code    50  cmd.o(i.list)
    list_sem                                 0x08004be9   Thumb Code   214  cmd.o(i.list_sem)
    list_thread                              0x08004d29   Thumb Code   250  cmd.o(i.list_thread)
    list_timer                               0x08004ee1   Thumb Code   160  cmd.o(i.list_timer)
    $Super$$main                             0x08005021   Thumb Code     8  main.o(i.main)
    main_thread_entry                        0x0800503d   Thumb Code    14  components.o(i.main_thread_entry)
    msh_auto_complete                        0x08005125   Thumb Code   150  msh.o(i.msh_auto_complete)
    msh_exec                                 0x080051d1   Thumb Code    74  msh.o(i.msh_exec)
    msh_help                                 0x08005235   Thumb Code    58  msh.o(i.msh_help)
    msh_is_used                              0x080052ad   Thumb Code     4  msh.o(i.msh_is_used)
    rt_application_init                      0x080054c9   Thumb Code    44  components.o(i.rt_application_init)
    rt_components_board_init                 0x08005505   Thumb Code    20  components.o(i.rt_components_board_init)
    rt_components_init                       0x08005521   Thumb Code    20  components.o(i.rt_components_init)
    rt_enter_critical                        0x0800553d   Thumb Code    22  scheduler.o(i.rt_enter_critical)
    rt_exit_critical                         0x08005559   Thumb Code    52  scheduler.o(i.rt_exit_critical)
    rt_hw_board_init                         0x08005591   Thumb Code   184  board.o(i.rt_hw_board_init)
    rt_hw_console_getchar                    0x08005655   Thumb Code    34  board.o(i.rt_hw_console_getchar)
    rt_hw_console_output                     0x0800567d   Thumb Code    66  board.o(i.rt_hw_console_output)
    rt_hw_hard_fault_exception               0x080056c5   Thumb Code   198  cpuport.o(i.rt_hw_hard_fault_exception)
    rt_hw_stack_init                         0x080058dd   Thumb Code    54  cpuport.o(i.rt_hw_stack_init)
    rt_interrupt_enter                       0x08005919   Thumb Code    22  irq.o(i.rt_interrupt_enter)
    rt_interrupt_leave                       0x08005935   Thumb Code    22  irq.o(i.rt_interrupt_leave)
    rt_kprintf                               0x08005951   Thumb Code    28  kservice.o(i.rt_kprintf)
    rt_memmove                               0x080059c5   Thumb Code    50  kservice.o(i.rt_memmove)
    rt_memset                                0x080059f9   Thumb Code    70  kservice.o(i.rt_memset)
    rt_object_detach                         0x08005a3f   Thumb Code    36  object.o(i.rt_object_detach)
    rt_object_get_information                0x08005a65   Thumb Code    30  object.o(i.rt_object_get_information)
    rt_object_init                           0x08005a89   Thumb Code    82  object.o(i.rt_object_init)
    rt_object_is_systemobject                0x08005adb   Thumb Code    14  object.o(i.rt_object_is_systemobject)
    rt_schedule                              0x08005ae9   Thumb Code    76  scheduler.o(i.rt_schedule)
    rt_schedule_insert_thread                0x08005b41   Thumb Code    70  scheduler.o(i.rt_schedule_insert_thread)
    rt_schedule_remove_thread                0x08005b91   Thumb Code    64  scheduler.o(i.rt_schedule_remove_thread)
    rt_sem_init                              0x08005bd9   Thumb Code    36  ipc.o(i.rt_sem_init)
    rt_show_version                          0x08005bfd   Thumb Code    40  kservice.o(i.rt_show_version)
    rt_strlen                                0x08005cad   Thumb Code    16  kservice.o(i.rt_strlen)
    rt_strncpy                               0x08005cbd   Thumb Code    38  kservice.o(i.rt_strncpy)
    rt_system_scheduler_init                 0x08005ce5   Thumb Code    44  scheduler.o(i.rt_system_scheduler_init)
    rt_system_scheduler_start                0x08005d19   Thumb Code    32  scheduler.o(i.rt_system_scheduler_start)
    rt_system_timer_init                     0x08005d41   Thumb Code     8  timer.o(i.rt_system_timer_init)
    rt_system_timer_thread_init              0x08005d4d   Thumb Code     2  timer.o(i.rt_system_timer_thread_init)
    rt_thread_exit                           0x08005d51   Thumb Code    82  thread.o(i.rt_thread_exit)
    rt_thread_idle_init                      0x08005db1   Thumb Code    40  idle.o(i.rt_thread_idle_init)
    rt_thread_init                           0x08005de9   Thumb Code    48  thread.o(i.rt_thread_init)
    rt_thread_mdelay                         0x08005e19   Thumb Code    14  thread.o(i.rt_thread_mdelay)
    rt_thread_resume                         0x08005e27   Thumb Code    60  thread.o(i.rt_thread_resume)
    rt_thread_self                           0x08005e65   Thumb Code     6  thread.o(i.rt_thread_self)
    rt_thread_sleep                          0x08005e71   Thumb Code    60  thread.o(i.rt_thread_sleep)
    rt_thread_startup                        0x08005eb1   Thumb Code    40  thread.o(i.rt_thread_startup)
    rt_thread_suspend                        0x08005edd   Thumb Code    66  thread.o(i.rt_thread_suspend)
    rt_thread_timeout                        0x08005f1f   Thumb Code    32  thread.o(i.rt_thread_timeout)
    rt_thread_yield                          0x08005f41   Thumb Code    86  thread.o(i.rt_thread_yield)
    rt_tick_from_millisecond                 0x08005fa1   Thumb Code    50  clock.o(i.rt_tick_from_millisecond)
    rt_tick_get                              0x08005fd5   Thumb Code     6  clock.o(i.rt_tick_get)
    rt_tick_increase                         0x08005fe1   Thumb Code    38  clock.o(i.rt_tick_increase)
    rt_timer_check                           0x0800600d   Thumb Code   136  timer.o(i.rt_timer_check)
    rt_timer_control                         0x08006099   Thumb Code    72  timer.o(i.rt_timer_control)
    rt_timer_detach                          0x080060e1   Thumb Code    40  timer.o(i.rt_timer_detach)
    rt_timer_init                            0x08006109   Thumb Code    48  timer.o(i.rt_timer_init)
    rt_timer_start                           0x08006139   Thumb Code   126  timer.o(i.rt_timer_start)
    rt_timer_stop                            0x080061bd   Thumb Code    46  timer.o(i.rt_timer_stop)
    rt_vsnprintf                             0x080061ed   Thumb Code   634  kservice.o(i.rt_vsnprintf)
    rtthread_startup                         0x08006481   Thumb Code    42  components.o(i.rtthread_startup)
    version                                  0x080065d9   Thumb Code    10  cmd.o(i.version)
    _fp_init                                 0x080065e3   Thumb Code    10  fpinit.o(x$fpl$fpinit)
    __fplib_config_fpu_vfp                   0x080065eb   Thumb Code     0  fpinit.o(x$fpl$fpinit)
    __fplib_config_pureend_doubles           0x080065eb   Thumb Code     0  fpinit.o(x$fpl$fpinit)
    AHBPrescTable                            0x080065f4   Data          16  system_stm32f4xx.o(.constdata)
    APBPrescTable                            0x08006604   Data           8  system_stm32f4xx.o(.constdata)
    __lowest_bit_bitmap                      0x0800660c   Data         256  kservice.o(.constdata)
    __fsym_hello_name                        0x08006774   Data           6  cmd.o(.rodata.name)
    __fsym_hello_desc                        0x0800677a   Data          16  cmd.o(.rodata.name)
    __fsym_version_name                      0x0800678a   Data           8  cmd.o(.rodata.name)
    __fsym_version_desc                      0x08006792   Data          35  cmd.o(.rodata.name)
    __fsym___cmd_version_name                0x080067b5   Data          14  cmd.o(.rodata.name)
    __fsym___cmd_version_desc                0x080067c3   Data          35  cmd.o(.rodata.name)
    __fsym_list_thread_name                  0x080067e6   Data          12  cmd.o(.rodata.name)
    __fsym_list_thread_desc                  0x080067f2   Data          12  cmd.o(.rodata.name)
    __fsym___cmd_list_thread_name            0x080067fe   Data          18  cmd.o(.rodata.name)
    __fsym___cmd_list_thread_desc            0x08006810   Data          12  cmd.o(.rodata.name)
    __fsym_list_sem_name                     0x0800681c   Data           9  cmd.o(.rodata.name)
    __fsym_list_sem_desc                     0x08006825   Data          25  cmd.o(.rodata.name)
    __fsym___cmd_list_sem_name               0x0800683e   Data          15  cmd.o(.rodata.name)
    __fsym___cmd_list_sem_desc               0x0800684d   Data          25  cmd.o(.rodata.name)
    __fsym_list_timer_name                   0x08006866   Data          11  cmd.o(.rodata.name)
    __fsym_list_timer_desc                   0x08006871   Data          21  cmd.o(.rodata.name)
    __fsym___cmd_list_timer_name             0x08006886   Data          17  cmd.o(.rodata.name)
    __fsym___cmd_list_timer_desc             0x08006897   Data          21  cmd.o(.rodata.name)
    __fsym_list_name                         0x080068ac   Data           5  cmd.o(.rodata.name)
    __fsym_list_desc                         0x080068b1   Data          26  cmd.o(.rodata.name)
    __fsym___cmd_help_name                   0x080068cb   Data          11  msh.o(.rodata.name)
    __fsym___cmd_help_desc                   0x080068d6   Data          22  msh.o(.rodata.name)
    __fsym___cmd_ps_name                     0x080068ec   Data           9  msh.o(.rodata.name)
    __fsym___cmd_ps_desc                     0x080068f5   Data          28  msh.o(.rodata.name)
    __rt_init_rti_start                      0x08006914   Data           4  components.o(.rti_fn.0)
    __rt_init_rti_board_start                0x08006918   Data           4  components.o(.rti_fn.0.end)
    __rt_init_uart_init                      0x0800691c   Data           4  board.o(.rti_fn.1)
    __rt_init_rti_board_end                  0x08006920   Data           4  components.o(.rti_fn.1.end)
    __rt_init_finsh_system_init              0x08006924   Data           4  shell.o(.rti_fn.6)
    __rt_init_rti_end                        0x08006928   Data           4  components.o(.rti_fn.6.end)
    FSymTab$$Base                            0x0800692c   Number         0  cmd.o(FSymTab)
    __fsym_hello                             0x0800692c   Data          12  cmd.o(FSymTab)
    __fsym_version                           0x08006938   Data          12  cmd.o(FSymTab)
    __fsym___cmd_version                     0x08006944   Data          12  cmd.o(FSymTab)
    __fsym_list_thread                       0x08006950   Data          12  cmd.o(FSymTab)
    __fsym___cmd_list_thread                 0x0800695c   Data          12  cmd.o(FSymTab)
    __fsym_list_sem                          0x08006968   Data          12  cmd.o(FSymTab)
    __fsym___cmd_list_sem                    0x08006974   Data          12  cmd.o(FSymTab)
    __fsym_list_timer                        0x08006980   Data          12  cmd.o(FSymTab)
    __fsym___cmd_list_timer                  0x0800698c   Data          12  cmd.o(FSymTab)
    __fsym_list                              0x08006998   Data          12  cmd.o(FSymTab)
    __fsym___cmd_help                        0x080069a4   Data          12  msh.o(FSymTab)
    __fsym___cmd_ps                          0x080069b0   Data          12  msh.o(FSymTab)
    FSymTab$$Limit                           0x080069bc   Number         0  msh.o(FSymTab)
    Region$$Table$$Base                      0x080069bc   Number         0  anon$$obj.o(Region$$Table)
    Region$$Table$$Limit                     0x080069dc   Number         0  anon$$obj.o(Region$$Table)
    SHT$$INIT_ARRAY$$Base                    0x080069dc   Number         0  canservice.o(.init_array)
    SHT$$INIT_ARRAY$$Limit                   0x080069e0   Number         0  init_aeabi.o(.init_array)
    uwTickFreq                               0x20000004   Data           1  stm32f4xx_hal.o(.data)
    uwTickPrio                               0x20000008   Data           4  stm32f4xx_hal.o(.data)
    uwTick                                   0x2000000c   Data           4  stm32f4xx_hal.o(.data)
    SystemCoreClock                          0x20000010   Data           4  system_stm32f4xx.o(.data)
    rt_interrupt_nest                        0x20000018   Data           1  irq.o(.data)
    rt_current_priority                      0x2000004c   Data           1  scheduler.o(.data)
    rt_current_thread                        0x20000050   Data           4  scheduler.o(.data)
    rt_thread_ready_priority_group           0x20000054   Data           4  scheduler.o(.data)
    rt_thread_defunct                        0x20000058   Data           8  scheduler.o(.data)
    rt_interrupt_from_thread                 0x20000070   Data           4  cpuport.o(.data)
    rt_interrupt_to_thread                   0x20000074   Data           4  cpuport.o(.data)
    rt_thread_switch_interrupt_flag          0x20000078   Data           4  cpuport.o(.data)
    _syscall_table_begin                     0x2000007c   Data           4  shell.o(.data)
    _syscall_table_end                       0x20000080   Data           4  shell.o(.data)
    _sysvar_table_begin                      0x20000084   Data           4  shell.o(.data)
    _sysvar_table_end                        0x20000088   Data           4  shell.o(.data)
    shell                                    0x20000090   Data           4  shell.o(.data)
    hadc1                                    0x20000094   Data          72  adc.o(.bss)
    hadc2                                    0x200000dc   Data          72  adc.o(.bss)
    hdma_adc1                                0x20000124   Data          96  adc.o(.bss)
    hdma_adc2                                0x20000184   Data          96  adc.o(.bss)
    hcan1                                    0x200001e4   Data          40  can.o(.bss)
    hcan2                                    0x2000020c   Data          40  can.o(.bss)
    hdac                                     0x20000234   Data          20  dac.o(.bss)
    hspi5                                    0x20000248   Data          88  spi.o(.bss)
    htim2                                    0x200002a0   Data          72  tim.o(.bss)
    htim3                                    0x200002e8   Data          72  tim.o(.bss)
    htim5                                    0x20000330   Data          72  tim.o(.bss)
    htim6                                    0x20000378   Data          72  tim.o(.bss)
    htim7                                    0x200003c0   Data          72  tim.o(.bss)
    htim8                                    0x20000408   Data          72  tim.o(.bss)
    htim10                                   0x20000450   Data          72  tim.o(.bss)
    htim12                                   0x20000498   Data          72  tim.o(.bss)
    huart5                                   0x200004e0   Data          68  usart.o(.bss)
    huart7                                   0x20000524   Data          68  usart.o(.bss)
    huart8                                   0x20000568   Data          68  usart.o(.bss)
    huart1                                   0x200005ac   Data          68  usart.o(.bss)
    huart2                                   0x200005f0   Data          68  usart.o(.bss)
    huart3                                   0x20000634   Data          68  usart.o(.bss)
    huart6                                   0x20000678   Data          68  usart.o(.bss)
    hdma_usart1_rx                           0x200006bc   Data          96  usart.o(.bss)
    hdma_usart2_rx                           0x2000071c   Data          96  usart.o(.bss)
    hdma_usart2_tx                           0x2000077c   Data          96  usart.o(.bss)
    hdma_usart3_rx                           0x200007dc   Data          96  usart.o(.bss)
    hdma_usart3_tx                           0x2000083c   Data          96  usart.o(.bss)
    hdma_usart6_rx                           0x2000089c   Data          96  usart.o(.bss)
    hdma_usart6_tx                           0x200008fc   Data          96  usart.o(.bss)
    main_thread                              0x20000d60   Data         120  components.o(.bss)
    rt_thread_priority_table                 0x20000f50   Data         256  scheduler.o(.bss)
    _shell                                   0x20001590   Data         120  shell.o(.bss)
    CAN::can1                                0x20001608   Data          44  canservice.o(.bss)
    __libspace_start                         0x20001634   Data          96  libspace.o(.bss)
    __temporary_stack_top$libspace           0x20001694   Data           0  libspace.o(.bss)



==============================================================================

Memory Map of the image

  Image Entry point : 0x080001ad

  Load Region LR_IROM1 (Base: 0x08000000, Size: 0x00006a74, Max: 0x00200000, ABSOLUTE)

    Execution Region ER_IROM1 (Exec base: 0x08000000, Load base: 0x08000000, Size: 0x000069e0, Max: 0x00200000, ABSOLUTE)

    Exec Addr    Load Addr    Size         Type   Attr      Idx    E Section Name        Object

    0x08000000   0x08000000   0x000001ac   Data   RO            3    RESET               startup_stm32f427xx.o
    0x080001ac   0x080001ac   0x00000008   Code   RO         5992  * !!!main             c_w.l(__main.o)
    0x080001b4   0x080001b4   0x00000034   Code   RO         6165    !!!scatter          c_w.l(__scatter.o)
    0x080001e8   0x080001e8   0x0000001a   Code   RO         6167    !!handler_copy      c_w.l(__scatter_copy.o)
    0x08000202   0x08000202   0x00000002   PAD
    0x08000204   0x08000204   0x0000001c   Code   RO         6169    !!handler_zi        c_w.l(__scatter_zi.o)
    0x08000220   0x08000220   0x00000002   Code   RO         6088    .ARM.Collect$$libinit$$00000000  c_w.l(libinit.o)
    0x08000222   0x08000222   0x00000004   Code   RO         6005    .ARM.Collect$$libinit$$00000001  c_w.l(libinit2.o)
    0x08000226   0x08000226   0x00000000   Code   RO         6008    .ARM.Collect$$libinit$$00000004  c_w.l(libinit2.o)
    0x08000226   0x08000226   0x00000000   Code   RO         6011    .ARM.Collect$$libinit$$0000000A  c_w.l(libinit2.o)
    0x08000226   0x08000226   0x00000000   Code   RO         6013    .ARM.Collect$$libinit$$0000000C  c_w.l(libinit2.o)
    0x08000226   0x08000226   0x00000000   Code   RO         6015    .ARM.Collect$$libinit$$0000000E  c_w.l(libinit2.o)
    0x08000226   0x08000226   0x00000000   Code   RO         6018    .ARM.Collect$$libinit$$00000011  c_w.l(libinit2.o)
    0x08000226   0x08000226   0x00000000   Code   RO         6020    .ARM.Collect$$libinit$$00000013  c_w.l(libinit2.o)
    0x08000226   0x08000226   0x00000000   Code   RO         6022    .ARM.Collect$$libinit$$00000015  c_w.l(libinit2.o)
    0x08000226   0x08000226   0x00000000   Code   RO         6024    .ARM.Collect$$libinit$$00000017  c_w.l(libinit2.o)
    0x08000226   0x08000226   0x00000000   Code   RO         6026    .ARM.Collect$$libinit$$00000019  c_w.l(libinit2.o)
    0x08000226   0x08000226   0x00000000   Code   RO         6028    .ARM.Collect$$libinit$$0000001B  c_w.l(libinit2.o)
    0x08000226   0x08000226   0x00000000   Code   RO         6030    .ARM.Collect$$libinit$$0000001D  c_w.l(libinit2.o)
    0x08000226   0x08000226   0x00000000   Code   RO         6032    .ARM.Collect$$libinit$$0000001F  c_w.l(libinit2.o)
    0x08000226   0x08000226   0x00000000   Code   RO         6034    .ARM.Collect$$libinit$$00000021  c_w.l(libinit2.o)
    0x08000226   0x08000226   0x00000000   Code   RO         6036    .ARM.Collect$$libinit$$00000023  c_w.l(libinit2.o)
    0x08000226   0x08000226   0x00000000   Code   RO         6038    .ARM.Collect$$libinit$$00000025  c_w.l(libinit2.o)
    0x08000226   0x08000226   0x00000000   Code   RO         6042    .ARM.Collect$$libinit$$0000002C  c_w.l(libinit2.o)
    0x08000226   0x08000226   0x00000000   Code   RO         6044    .ARM.Collect$$libinit$$0000002E  c_w.l(libinit2.o)
    0x08000226   0x08000226   0x00000000   Code   RO         6046    .ARM.Collect$$libinit$$00000030  c_w.l(libinit2.o)
    0x08000226   0x08000226   0x00000004   Code   RO         6047    .ARM.Collect$$libinit$$00000031  c_w.l(libinit2.o)
    0x0800022a   0x0800022a   0x00000000   Code   RO         6048    .ARM.Collect$$libinit$$00000032  c_w.l(libinit2.o)
    0x0800022a   0x0800022a   0x00000002   Code   RO         6049    .ARM.Collect$$libinit$$00000033  c_w.l(libinit2.o)
    0x0800022c   0x0800022c   0x00000002   Code   RO         6132    .ARM.Collect$$libshutdown$$00000000  c_w.l(libshutdown.o)
    0x0800022e   0x0800022e   0x00000000   Code   RO         6148    .ARM.Collect$$libshutdown$$00000002  c_w.l(libshutdown2.o)
    0x0800022e   0x0800022e   0x00000000   Code   RO         6150    .ARM.Collect$$libshutdown$$00000004  c_w.l(libshutdown2.o)
    0x0800022e   0x0800022e   0x00000000   Code   RO         6153    .ARM.Collect$$libshutdown$$00000007  c_w.l(libshutdown2.o)
    0x0800022e   0x0800022e   0x00000000   Code   RO         6156    .ARM.Collect$$libshutdown$$0000000A  c_w.l(libshutdown2.o)
    0x0800022e   0x0800022e   0x00000000   Code   RO         6158    .ARM.Collect$$libshutdown$$0000000C  c_w.l(libshutdown2.o)
    0x0800022e   0x0800022e   0x00000000   Code   RO         6161    .ARM.Collect$$libshutdown$$0000000F  c_w.l(libshutdown2.o)
    0x0800022e   0x0800022e   0x00000002   Code   RO         6162    .ARM.Collect$$libshutdown$$00000010  c_w.l(libshutdown2.o)
    0x08000230   0x08000230   0x00000000   Code   RO         6000    .ARM.Collect$$rtentry$$00000000  c_w.l(__rtentry.o)
    0x08000230   0x08000230   0x00000000   Code   RO         6051    .ARM.Collect$$rtentry$$00000002  c_w.l(__rtentry2.o)
    0x08000230   0x08000230   0x00000006   Code   RO         6063    .ARM.Collect$$rtentry$$00000004  c_w.l(__rtentry4.o)
    0x08000236   0x08000236   0x00000000   Code   RO         6053    .ARM.Collect$$rtentry$$00000009  c_w.l(__rtentry2.o)
    0x08000236   0x08000236   0x00000004   Code   RO         6054    .ARM.Collect$$rtentry$$0000000A  c_w.l(__rtentry2.o)
    0x0800023a   0x0800023a   0x00000000   Code   RO         6056    .ARM.Collect$$rtentry$$0000000C  c_w.l(__rtentry2.o)
    0x0800023a   0x0800023a   0x00000008   Code   RO         6057    .ARM.Collect$$rtentry$$0000000D  c_w.l(__rtentry2.o)
    0x08000242   0x08000242   0x00000002   Code   RO         6094    .ARM.Collect$$rtexit$$00000000  c_w.l(rtexit.o)
    0x08000244   0x08000244   0x00000000   Code   RO         6114    .ARM.Collect$$rtexit$$00000002  c_w.l(rtexit2.o)
    0x08000244   0x08000244   0x00000004   Code   RO         6115    .ARM.Collect$$rtexit$$00000003  c_w.l(rtexit2.o)
    0x08000248   0x08000248   0x00000006   Code   RO         6116    .ARM.Collect$$rtexit$$00000004  c_w.l(rtexit2.o)
    0x0800024e   0x0800024e   0x00000002   PAD
    0x08000250   0x08000250   0x00000040   Code   RO            4    .text               startup_stm32f427xx.o
    0x08000290   0x08000290   0x00000134   Code   RO         4758    .text               context_rvds.o
    0x080003c4   0x080003c4   0x000000ee   Code   RO         5972    .text               c_w.l(lludivv7m.o)
    0x080004b2   0x080004b2   0x00000048   Code   RO         5974    .text               c_w.l(strcpy.o)
    0x080004fa   0x080004fa   0x0000003e   Code   RO         5976    .text               c_w.l(strlen.o)
    0x08000538   0x08000538   0x00000096   Code   RO         5978    .text               c_w.l(strncmp.o)
    0x080005ce   0x080005ce   0x00000018   Code   RO         5980    .text               c_w.l(strcat.o)
    0x080005e6   0x080005e6   0x00000064   Code   RO         5982    .text               c_w.l(rt_memcpy_w.o)
    0x0800064a   0x0800064a   0x00000044   Code   RO         5984    .text               c_w.l(rt_memclr.o)
    0x0800068e   0x0800068e   0x0000004e   Code   RO         5986    .text               c_w.l(rt_memclr_w.o)
    0x080006dc   0x080006dc   0x00000056   Code   RO         5988    .text               c_w.l(strncpy.o)
    0x08000732   0x08000732   0x00000006   Code   RO         5990    .text               c_w.l(heapauxi.o)
    0x08000738   0x08000738   0x00000024   Code   RO         5997    .text               c_w.l(init_aeabi.o)
    0x0800075c   0x0800075c   0x0000004a   Code   RO         6071    .text               c_w.l(sys_stackheap_outer.o)
    0x080007a6   0x080007a6   0x00000012   Code   RO         6073    .text               c_w.l(exit.o)
    0x080007b8   0x080007b8   0x00000008   Code   RO         6091    .text               c_w.l(libspace.o)
    0x080007c0   0x080007c0   0x0000000c   Code   RO         6108    .text               c_w.l(sys_exit.o)
    0x080007cc   0x080007cc   0x00000002   Code   RO         6110    .text               c_w.l(use_no_semi.o)
    0x080007ce   0x080007ce   0x00000000   Code   RO         6112    .text               c_w.l(indicate_semi.o)
    0x080007ce   0x080007ce   0x0000000a   Code   RO         4828    i.$Sub$$main        components.o
    0x080007d8   0x080007d8   0x0000001c   Code   RO          804    i.ADC_IRQHandler    stm32f4xx_it.o
    0x080007f4   0x080007f4   0x00000128   Code   RO         1078    i.ADC_Init          stm32f4xx_hal_adc.o
    0x0800091c   0x0800091c   0x00000002   Code   RO          805    i.BusFault_Handler  stm32f4xx_it.o
    0x0800091e   0x0800091e   0x00000002   PAD
    0x08000920   0x08000920   0x0000000c   Code   RO          806    i.CAN1_RX0_IRQHandler  stm32f4xx_it.o
    0x0800092c   0x0800092c   0x0000000c   Code   RO          807    i.CAN1_RX1_IRQHandler  stm32f4xx_it.o
    0x08000938   0x08000938   0x0000000c   Code   RO          808    i.CAN1_TX_IRQHandler  stm32f4xx_it.o
    0x08000944   0x08000944   0x0000000c   Code   RO          809    i.CAN2_RX0_IRQHandler  stm32f4xx_it.o
    0x08000950   0x08000950   0x0000000c   Code   RO          810    i.CAN2_RX1_IRQHandler  stm32f4xx_it.o
    0x0800095c   0x0800095c   0x0000000c   Code   RO          811    i.CAN2_TX_IRQHandler  stm32f4xx_it.o
    0x08000968   0x08000968   0x0000000c   Code   RO          812    i.DMA1_Stream1_IRQHandler  stm32f4xx_it.o
    0x08000974   0x08000974   0x0000000c   Code   RO          813    i.DMA1_Stream3_IRQHandler  stm32f4xx_it.o
    0x08000980   0x08000980   0x0000000c   Code   RO          814    i.DMA1_Stream5_IRQHandler  stm32f4xx_it.o
    0x0800098c   0x0800098c   0x0000000c   Code   RO          815    i.DMA1_Stream6_IRQHandler  stm32f4xx_it.o
    0x08000998   0x08000998   0x0000000c   Code   RO          816    i.DMA2_Stream0_IRQHandler  stm32f4xx_it.o
    0x080009a4   0x080009a4   0x0000000c   Code   RO          817    i.DMA2_Stream1_IRQHandler  stm32f4xx_it.o
    0x080009b0   0x080009b0   0x0000000c   Code   RO          818    i.DMA2_Stream2_IRQHandler  stm32f4xx_it.o
    0x080009bc   0x080009bc   0x0000000c   Code   RO          819    i.DMA2_Stream3_IRQHandler  stm32f4xx_it.o
    0x080009c8   0x080009c8   0x0000000c   Code   RO          820    i.DMA2_Stream6_IRQHandler  stm32f4xx_it.o
    0x080009d4   0x080009d4   0x00000028   Code   RO         1864    i.DMA_CalcBaseAndBitshift  stm32f4xx_hal_dma.o
    0x080009fc   0x080009fc   0x00000054   Code   RO         1865    i.DMA_CheckFifoParam  stm32f4xx_hal_dma.o
    0x08000a50   0x08000a50   0x00000002   Code   RO          821    i.DebugMon_Handler  stm32f4xx_it.o
    0x08000a52   0x08000a52   0x00000006   Code   RO          822    i.EXTI2_IRQHandler  stm32f4xx_it.o
    0x08000a58   0x08000a58   0x00000018   Code   RO           13    i.Error_Handler     main.o
    0x08000a70   0x08000a70   0x00000002   Code   RO         1249    i.HAL_ADCEx_InjectedConvCpltCallback  stm32f4xx_hal_adc_ex.o
    0x08000a72   0x08000a72   0x00000002   PAD
    0x08000a74   0x08000a74   0x00000164   Code   RO         1080    i.HAL_ADC_ConfigChannel  stm32f4xx_hal_adc.o
    0x08000bd8   0x08000bd8   0x00000002   Code   RO         1081    i.HAL_ADC_ConvCpltCallback  stm32f4xx_hal_adc.o
    0x08000bda   0x08000bda   0x00000002   Code   RO         1084    i.HAL_ADC_ErrorCallback  stm32f4xx_hal_adc.o
    0x08000bdc   0x08000bdc   0x0000012e   Code   RO         1088    i.HAL_ADC_IRQHandler  stm32f4xx_hal_adc.o
    0x08000d0a   0x08000d0a   0x00000054   Code   RO         1089    i.HAL_ADC_Init      stm32f4xx_hal_adc.o
    0x08000d5e   0x08000d5e   0x00000002   Code   RO         1090    i.HAL_ADC_LevelOutOfWindowCallback  stm32f4xx_hal_adc.o
    0x08000d60   0x08000d60   0x00000138   Code   RO          387    i.HAL_ADC_MspInit   adc.o
    0x08000e98   0x08000e98   0x00000024   Code   RO         2568    i.HAL_CAN_ActivateNotification  stm32f4xx_hal_can.o
    0x08000ebc   0x08000ebc   0x0000010c   Code   RO         2570    i.HAL_CAN_ConfigFilter  stm32f4xx_hal_can.o
    0x08000fc8   0x08000fc8   0x00000002   Code   RO         2573    i.HAL_CAN_ErrorCallback  stm32f4xx_hal_can.o
    0x08000fca   0x08000fca   0x000000e8   Code   RO         2576    i.HAL_CAN_GetRxMessage  stm32f4xx_hal_can.o
    0x080010b2   0x080010b2   0x000001fc   Code   RO         2580    i.HAL_CAN_IRQHandler  stm32f4xx_hal_can.o
    0x080012ae   0x080012ae   0x0000011a   Code   RO         2581    i.HAL_CAN_Init      stm32f4xx_hal_can.o
    0x080013c8   0x080013c8   0x0000013c   Code   RO          435    i.HAL_CAN_MspInit   can.o
    0x08001504   0x08001504   0x00000002   Code   RO         2588    i.HAL_CAN_RxFifo0FullCallback  stm32f4xx_hal_can.o
    0x08001506   0x08001506   0x00000002   PAD
    0x08001508   0x08001508   0x0000000c   Code   RO         1036    i.HAL_CAN_RxFifo0MsgPendingCallback  callbackadministration.o
    0x08001514   0x08001514   0x00000002   Code   RO         2590    i.HAL_CAN_RxFifo1FullCallback  stm32f4xx_hal_can.o
    0x08001516   0x08001516   0x00000002   Code   RO         2591    i.HAL_CAN_RxFifo1MsgPendingCallback  stm32f4xx_hal_can.o
    0x08001518   0x08001518   0x00000002   Code   RO         2592    i.HAL_CAN_SleepCallback  stm32f4xx_hal_can.o
    0x0800151a   0x0800151a   0x00000002   PAD
    0x0800151c   0x0800151c   0x00000058   Code   RO         2593    i.HAL_CAN_Start     stm32f4xx_hal_can.o
    0x08001574   0x08001574   0x00000002   Code   RO         2595    i.HAL_CAN_TxMailbox0AbortCallback  stm32f4xx_hal_can.o
    0x08001576   0x08001576   0x00000002   Code   RO         2596    i.HAL_CAN_TxMailbox0CompleteCallback  stm32f4xx_hal_can.o
    0x08001578   0x08001578   0x00000002   Code   RO         2597    i.HAL_CAN_TxMailbox1AbortCallback  stm32f4xx_hal_can.o
    0x0800157a   0x0800157a   0x00000002   Code   RO         2598    i.HAL_CAN_TxMailbox1CompleteCallback  stm32f4xx_hal_can.o
    0x0800157c   0x0800157c   0x00000002   Code   RO         2599    i.HAL_CAN_TxMailbox2AbortCallback  stm32f4xx_hal_can.o
    0x0800157e   0x0800157e   0x00000002   Code   RO         2600    i.HAL_CAN_TxMailbox2CompleteCallback  stm32f4xx_hal_can.o
    0x08001580   0x08001580   0x00000002   Code   RO         2602    i.HAL_CAN_WakeUpFromRxMsgCallback  stm32f4xx_hal_can.o
    0x08001582   0x08001582   0x00000002   Code   RO         2950    i.HAL_DACEx_DMAUnderrunCallbackCh2  stm32f4xx_hal_dac_ex.o
    0x08001584   0x08001584   0x00000046   Code   RO         2804    i.HAL_DAC_ConfigChannel  stm32f4xx_hal_dac.o
    0x080015ca   0x080015ca   0x00000002   Code   RO         2807    i.HAL_DAC_DMAUnderrunCallbackCh1  stm32f4xx_hal_dac.o
    0x080015cc   0x080015cc   0x00000068   Code   RO         2813    i.HAL_DAC_IRQHandler  stm32f4xx_hal_dac.o
    0x08001634   0x08001634   0x00000028   Code   RO         2814    i.HAL_DAC_Init      stm32f4xx_hal_dac.o
    0x0800165c   0x0800165c   0x00000070   Code   RO          484    i.HAL_DAC_MspInit   dac.o
    0x080016cc   0x080016cc   0x00000092   Code   RO         1867    i.HAL_DMA_Abort     stm32f4xx_hal_dma.o
    0x0800175e   0x0800175e   0x00000024   Code   RO         1868    i.HAL_DMA_Abort_IT  stm32f4xx_hal_dma.o
    0x08001782   0x08001782   0x00000002   PAD
    0x08001784   0x08001784   0x000001a0   Code   RO         1872    i.HAL_DMA_IRQHandler  stm32f4xx_hal_dma.o
    0x08001924   0x08001924   0x000000d4   Code   RO         1873    i.HAL_DMA_Init      stm32f4xx_hal_dma.o
    0x080019f8   0x080019f8   0x00000002   Code   RO         1758    i.HAL_GPIO_EXTI_Callback  stm32f4xx_hal_gpio.o
    0x080019fa   0x080019fa   0x00000002   PAD
    0x080019fc   0x080019fc   0x00000018   Code   RO         1759    i.HAL_GPIO_EXTI_IRQHandler  stm32f4xx_hal_gpio.o
    0x08001a14   0x08001a14   0x00000234   Code   RO         1760    i.HAL_GPIO_Init     stm32f4xx_hal_gpio.o
    0x08001c48   0x08001c48   0x0000000a   Code   RO         1764    i.HAL_GPIO_WritePin  stm32f4xx_hal_gpio.o
    0x08001c52   0x08001c52   0x00000002   PAD
    0x08001c54   0x08001c54   0x0000000c   Code   RO         2312    i.HAL_GetTick       stm32f4xx_hal.o
    0x08001c60   0x08001c60   0x00000034   Code   RO         2319    i.HAL_Init          stm32f4xx_hal.o
    0x08001c94   0x08001c94   0x00000040   Code   RO         2320    i.HAL_InitTick      stm32f4xx_hal.o
    0x08001cd4   0x08001cd4   0x00000030   Code   RO         1012    i.HAL_MspInit       stm32f4xx_hal_msp.o
    0x08001d04   0x08001d04   0x0000001a   Code   RO         2167    i.HAL_NVIC_EnableIRQ  stm32f4xx_hal_cortex.o
    0x08001d1e   0x08001d1e   0x00000002   PAD
    0x08001d20   0x08001d20   0x00000040   Code   RO         2173    i.HAL_NVIC_SetPriority  stm32f4xx_hal_cortex.o
    0x08001d60   0x08001d60   0x00000024   Code   RO         2174    i.HAL_NVIC_SetPriorityGrouping  stm32f4xx_hal_cortex.o
    0x08001d84   0x08001d84   0x00000134   Code   RO         1354    i.HAL_RCC_ClockConfig  stm32f4xx_hal_rcc.o
    0x08001eb8   0x08001eb8   0x0000000c   Code   RO         1359    i.HAL_RCC_GetHCLKFreq  stm32f4xx_hal_rcc.o
    0x08001ec4   0x08001ec4   0x00000020   Code   RO         1361    i.HAL_RCC_GetPCLK1Freq  stm32f4xx_hal_rcc.o
    0x08001ee4   0x08001ee4   0x00000020   Code   RO         1362    i.HAL_RCC_GetPCLK2Freq  stm32f4xx_hal_rcc.o
    0x08001f04   0x08001f04   0x00000064   Code   RO         1363    i.HAL_RCC_GetSysClockFreq  stm32f4xx_hal_rcc.o
    0x08001f68   0x08001f68   0x0000036c   Code   RO         1366    i.HAL_RCC_OscConfig  stm32f4xx_hal_rcc.o
    0x080022d4   0x080022d4   0x000000bc   Code   RO         3082    i.HAL_SPI_Init      stm32f4xx_hal_spi.o
    0x08002390   0x08002390   0x0000006c   Code   RO          583    i.HAL_SPI_MspInit   spi.o
    0x080023fc   0x080023fc   0x00000028   Code   RO         2178    i.HAL_SYSTICK_Config  stm32f4xx_hal_cortex.o
    0x08002424   0x08002424   0x00000002   Code   RO         4099    i.HAL_TIMEx_BreakCallback  stm32f4xx_hal_tim_ex.o
    0x08002426   0x08002426   0x00000002   Code   RO         4100    i.HAL_TIMEx_CommutCallback  stm32f4xx_hal_tim_ex.o
    0x08002428   0x08002428   0x00000054   Code   RO         4102    i.HAL_TIMEx_ConfigBreakDeadTime  stm32f4xx_hal_tim_ex.o
    0x0800247c   0x0800247c   0x00000090   Code   RO         4118    i.HAL_TIMEx_MasterConfigSynchronization  stm32f4xx_hal_tim_ex.o
    0x0800250c   0x0800250c   0x0000005a   Code   RO         3395    i.HAL_TIM_Base_Init  stm32f4xx_hal_tim.o
    0x08002566   0x08002566   0x00000002   PAD
    0x08002568   0x08002568   0x000000c0   Code   RO          625    i.HAL_TIM_Base_MspInit  tim.o
    0x08002628   0x08002628   0x00000080   Code   RO         3400    i.HAL_TIM_Base_Start_IT  stm32f4xx_hal_tim.o
    0x080026a8   0x080026a8   0x000000dc   Code   RO         3404    i.HAL_TIM_ConfigClockSource  stm32f4xx_hal_tim.o
    0x08002784   0x08002784   0x00000002   Code   RO         3429    i.HAL_TIM_IC_CaptureCallback  stm32f4xx_hal_tim.o
    0x08002786   0x08002786   0x00000166   Code   RO         3443    i.HAL_TIM_IRQHandler  stm32f4xx_hal_tim.o
    0x080028ec   0x080028ec   0x00000108   Code   RO          626    i.HAL_TIM_MspPostInit  tim.o
    0x080029f4   0x080029f4   0x00000002   Code   RO         3446    i.HAL_TIM_OC_DelayElapsedCallback  stm32f4xx_hal_tim.o
    0x080029f6   0x080029f6   0x000000cc   Code   RO         3467    i.HAL_TIM_PWM_ConfigChannel  stm32f4xx_hal_tim.o
    0x08002ac2   0x08002ac2   0x0000005a   Code   RO         3470    i.HAL_TIM_PWM_Init  stm32f4xx_hal_tim.o
    0x08002b1c   0x08002b1c   0x00000050   Code   RO          628    i.HAL_TIM_PWM_MspInit  tim.o
    0x08002b6c   0x08002b6c   0x00000002   Code   RO         3473    i.HAL_TIM_PWM_PulseFinishedCallback  stm32f4xx_hal_tim.o
    0x08002b6e   0x08002b6e   0x00000002   PAD
    0x08002b70   0x08002b70   0x00000038   Code   RO         1037    i.HAL_TIM_PeriodElapsedCallback  callbackadministration.o
    0x08002ba8   0x08002ba8   0x00000002   Code   RO         3486    i.HAL_TIM_TriggerCallback  stm32f4xx_hal_tim.o
    0x08002baa   0x08002baa   0x00000002   Code   RO         4377    i.HAL_UARTEx_RxEventCallback  stm32f4xx_hal_uart.o
    0x08002bac   0x08002bac   0x00000002   Code   RO         4391    i.HAL_UART_ErrorCallback  stm32f4xx_hal_uart.o
    0x08002bae   0x08002bae   0x00000002   PAD
    0x08002bb0   0x08002bb0   0x00000268   Code   RO         4394    i.HAL_UART_IRQHandler  stm32f4xx_hal_uart.o
    0x08002e18   0x08002e18   0x00000062   Code   RO         4395    i.HAL_UART_Init     stm32f4xx_hal_uart.o
    0x08002e7a   0x08002e7a   0x00000002   PAD
    0x08002e7c   0x08002e7c   0x000003d8   Code   RO          727    i.HAL_UART_MspInit  usart.o
    0x08003254   0x08003254   0x00000002   Code   RO         4401    i.HAL_UART_RxCpltCallback  stm32f4xx_hal_uart.o
    0x08003256   0x08003256   0x00000002   PAD
    0x08003258   0x08003258   0x000000b2   Code   RO         4403    i.HAL_UART_Transmit  stm32f4xx_hal_uart.o
    0x0800330a   0x0800330a   0x00000002   Code   RO         4406    i.HAL_UART_TxCpltCallback  stm32f4xx_hal_uart.o
    0x0800330c   0x0800330c   0x000000a8   Code   RO          388    i.MX_ADC1_Init      adc.o
    0x080033b4   0x080033b4   0x00000064   Code   RO          389    i.MX_ADC2_Init      adc.o
    0x08003418   0x08003418   0x00000044   Code   RO          436    i.MX_CAN1_Init      can.o
    0x0800345c   0x0800345c   0x00000044   Code   RO          437    i.MX_CAN2_Init      can.o
    0x080034a0   0x080034a0   0x0000004c   Code   RO          485    i.MX_DAC_Init       dac.o
    0x080034ec   0x080034ec   0x000000bc   Code   RO          525    i.MX_DMA_Init       dma.o
    0x080035a8   0x080035a8   0x000001b0   Code   RO          238    i.MX_GPIO_Init      gpio.o
    0x08003758   0x08003758   0x00000048   Code   RO          584    i.MX_SPI5_Init      spi.o
    0x080037a0   0x080037a0   0x00000034   Code   RO          629    i.MX_TIM10_Init     tim.o
    0x080037d4   0x080037d4   0x00000088   Code   RO          630    i.MX_TIM12_Init     tim.o
    0x0800385c   0x0800385c   0x000000a8   Code   RO          631    i.MX_TIM2_Init      tim.o
    0x08003904   0x08003904   0x00000070   Code   RO          632    i.MX_TIM3_Init      tim.o
    0x08003974   0x08003974   0x00000078   Code   RO          633    i.MX_TIM5_Init      tim.o
    0x080039ec   0x080039ec   0x00000044   Code   RO          634    i.MX_TIM6_Init      tim.o
    0x08003a30   0x08003a30   0x00000044   Code   RO          635    i.MX_TIM7_Init      tim.o
    0x08003a74   0x08003a74   0x000000b0   Code   RO          636    i.MX_TIM8_Init      tim.o
    0x08003b24   0x08003b24   0x00000038   Code   RO          728    i.MX_UART5_Init     usart.o
    0x08003b5c   0x08003b5c   0x00000038   Code   RO          729    i.MX_UART7_Init     usart.o
    0x08003b94   0x08003b94   0x00000038   Code   RO          730    i.MX_UART8_Init     usart.o
    0x08003bcc   0x08003bcc   0x00000044   Code   RO          731    i.MX_USART1_UART_Init  usart.o
    0x08003c10   0x08003c10   0x00000038   Code   RO          732    i.MX_USART2_UART_Init  usart.o
    0x08003c48   0x08003c48   0x00000038   Code   RO          733    i.MX_USART3_UART_Init  usart.o
    0x08003c80   0x08003c80   0x00000038   Code   RO          734    i.MX_USART6_UART_Init  usart.o
    0x08003cb8   0x08003cb8   0x00000002   Code   RO          823    i.MemManage_Handler  stm32f4xx_it.o
    0x08003cba   0x08003cba   0x00000002   Code   RO          824    i.NMI_Handler       stm32f4xx_it.o
    0x08003cbc   0x08003cbc   0x00000012   Code   RO         5586    i.SysTick_Handler   board.o
    0x08003cce   0x08003cce   0x00000002   PAD
    0x08003cd0   0x08003cd0   0x0000009c   Code   RO         5587    i.SystemClock_Config  board.o
    0x08003d6c   0x08003d6c   0x0000007c   Code   RO         4723    i.SystemCoreClockUpdate  system_stm32f4xx.o
    0x08003de8   0x08003de8   0x00000010   Code   RO         4724    i.SystemInit        system_stm32f4xx.o
    0x08003df8   0x08003df8   0x0000000c   Code   RO          825    i.TIM1_UP_TIM10_IRQHandler  stm32f4xx_it.o
    0x08003e04   0x08003e04   0x0000001c   Code   RO          826    i.TIM6_DAC_IRQHandler  stm32f4xx_it.o
    0x08003e20   0x08003e20   0x0000000c   Code   RO          827    i.TIM7_IRQHandler   stm32f4xx_it.o
    0x08003e2c   0x08003e2c   0x000000c8   Code   RO         3488    i.TIM_Base_SetConfig  stm32f4xx_hal_tim.o
    0x08003ef4   0x08003ef4   0x00000014   Code   RO         3499    i.TIM_ETR_SetConfig  stm32f4xx_hal_tim.o
    0x08003f08   0x08003f08   0x00000010   Code   RO         3500    i.TIM_ITRx_SetConfig  stm32f4xx_hal_tim.o
    0x08003f18   0x08003f18   0x00000060   Code   RO         3501    i.TIM_OC1_SetConfig  stm32f4xx_hal_tim.o
    0x08003f78   0x08003f78   0x0000006c   Code   RO         3502    i.TIM_OC2_SetConfig  stm32f4xx_hal_tim.o
    0x08003fe4   0x08003fe4   0x00000068   Code   RO         3503    i.TIM_OC3_SetConfig  stm32f4xx_hal_tim.o
    0x0800404c   0x0800404c   0x00000050   Code   RO         3504    i.TIM_OC4_SetConfig  stm32f4xx_hal_tim.o
    0x0800409c   0x0800409c   0x00000022   Code   RO         3506    i.TIM_TI1_ConfigInputStage  stm32f4xx_hal_tim.o
    0x080040be   0x080040be   0x00000024   Code   RO         3508    i.TIM_TI2_ConfigInputStage  stm32f4xx_hal_tim.o
    0x080040e2   0x080040e2   0x00000002   PAD
    0x080040e4   0x080040e4   0x0000000c   Code   RO          828    i.UART7_IRQHandler  stm32f4xx_it.o
    0x080040f0   0x080040f0   0x0000000c   Code   RO          829    i.UART8_IRQHandler  stm32f4xx_it.o
    0x080040fc   0x080040fc   0x00000010   Code   RO         4408    i.UART_DMAAbortOnError  stm32f4xx_hal_uart.o
    0x0800410c   0x0800410c   0x0000004e   Code   RO         4418    i.UART_EndRxTransfer  stm32f4xx_hal_uart.o
    0x0800415a   0x0800415a   0x000000c0   Code   RO         4420    i.UART_Receive_IT   stm32f4xx_hal_uart.o
    0x0800421a   0x0800421a   0x00000002   PAD
    0x0800421c   0x0800421c   0x0000010c   Code   RO         4421    i.UART_SetConfig    stm32f4xx_hal_uart.o
    0x08004328   0x08004328   0x00000078   Code   RO         4424    i.UART_WaitOnFlagUntilTimeout  stm32f4xx_hal_uart.o
    0x080043a0   0x080043a0   0x0000000c   Code   RO          830    i.USART1_IRQHandler  stm32f4xx_it.o
    0x080043ac   0x080043ac   0x0000000c   Code   RO          831    i.USART2_IRQHandler  stm32f4xx_it.o
    0x080043b8   0x080043b8   0x0000000c   Code   RO          832    i.USART3_IRQHandler  stm32f4xx_it.o
    0x080043c4   0x080043c4   0x0000000c   Code   RO          833    i.USART6_IRQHandler  stm32f4xx_it.o
    0x080043d0   0x080043d0   0x00000002   Code   RO          834    i.UsageFault_Handler  stm32f4xx_it.o
    0x080043d2   0x080043d2   0x00000014   Code   RO         5927    i._ZN3CAN8RxHandleEv  canservice.o
    0x080043e6   0x080043e6   0x00000002   PAD
    0x080043e8   0x080043e8   0x00000050   Code   RO         5929    i._ZN3CANC1Ev       canservice.o
    0x08004438   0x08004438   0x00000020   Code   RO         2180    i.__NVIC_SetPriority  stm32f4xx_hal_cortex.o
    0x08004458   0x08004458   0x00000044   Code   RO         5016    i.__rt_ffs          kservice.o
    0x0800449c   0x0800449c   0x0000000c   Code   RO         5930    i.__sti___14_CANservice_cpp_fda145bc  canservice.o
    0x080044a8   0x080044a8   0x0000009c   Code   RO         5781    i._msh_exec_cmd     msh.o
    0x08004544   0x08004544   0x00000080   Code   RO         5323    i._rt_thread_init   thread.o
    0x080045c4   0x080045c4   0x00000006   Code   RO         5441    i._rt_timer_remove  timer.o
    0x080045ca   0x080045ca   0x0000001c   Code   RO         5324    i._thread_cleanup_execute  thread.o
    0x080045e6   0x080045e6   0x00000002   PAD
    0x080045e8   0x080045e8   0x000000e8   Code   RO         5521    i.bus_fault_track   cpuport.o
    0x080046d0   0x080046d0   0x0000000a   Code   RO         5782    i.cmd_ps            msh.o
    0x080046da   0x080046da   0x00000002   PAD
    0x080046dc   0x080046dc   0x00000060   Code   RO         5845    i.finsh_get_prompt  shell.o
    0x0800473c   0x0800473c   0x00000014   Code   RO         5848    i.finsh_set_prompt_mode  shell.o
    0x08004750   0x08004750   0x0000000c   Code   RO         5849    i.finsh_system_function_init  shell.o
    0x0800475c   0x0800475c   0x00000078   Code   RO         5850    i.finsh_system_init  shell.o
    0x080047d4   0x080047d4   0x0000028c   Code   RO         5852    i.finsh_thread_entry  shell.o
    0x08004a60   0x08004a60   0x00000078   Code   RO         5522    i.hard_fault_track  cpuport.o
    0x08004ad8   0x08004ad8   0x00000020   Code   RO         5668    i.hello             cmd.o
    0x08004af8   0x08004af8   0x00000064   Code   RO         5669    i.list              cmd.o
    0x08004b5c   0x08004b5c   0x00000024   Code   RO         5670    i.list_find_init    cmd.o
    0x08004b80   0x08004b80   0x00000066   Code   RO         5671    i.list_get_next     cmd.o
    0x08004be6   0x08004be6   0x00000002   PAD
    0x08004be8   0x08004be8   0x00000140   Code   RO         5672    i.list_sem          cmd.o
    0x08004d28   0x08004d28   0x000001b8   Code   RO         5673    i.list_thread       cmd.o
    0x08004ee0   0x08004ee0   0x00000140   Code   RO         5674    i.list_timer        cmd.o
    0x08005020   0x08005020   0x0000001c   Code   RO           14    i.main              main.o
    0x0800503c   0x0800503c   0x0000000e   Code   RO         4829    i.main_thread_entry  components.o
    0x0800504a   0x0800504a   0x00000002   PAD
    0x0800504c   0x0800504c   0x000000d8   Code   RO         5523    i.mem_manage_fault_track  cpuport.o
    0x08005124   0x08005124   0x000000ac   Code   RO         5783    i.msh_auto_complete  msh.o
    0x080051d0   0x080051d0   0x00000064   Code   RO         5784    i.msh_exec          msh.o
    0x08005234   0x08005234   0x00000078   Code   RO         5785    i.msh_help          msh.o
    0x080052ac   0x080052ac   0x00000004   Code   RO         5786    i.msh_is_used       msh.o
    0x080052b0   0x080052b0   0x000000d0   Code   RO         5787    i.msh_split         msh.o
    0x08005380   0x08005380   0x00000018   Code   RO         5675    i.object_split      cmd.o
    0x08005398   0x08005398   0x00000130   Code   RO         5018    i.print_number      kservice.o
    0x080054c8   0x080054c8   0x0000003c   Code   RO         4830    i.rt_application_init  components.o
    0x08005504   0x08005504   0x0000001c   Code   RO         4831    i.rt_components_board_init  components.o
    0x08005520   0x08005520   0x0000001c   Code   RO         4832    i.rt_components_init  components.o
    0x0800553c   0x0800553c   0x0000001c   Code   RO         5256    i.rt_enter_critical  scheduler.o
    0x08005558   0x08005558   0x00000038   Code   RO         5257    i.rt_exit_critical  scheduler.o
    0x08005590   0x08005590   0x000000c4   Code   RO         5588    i.rt_hw_board_init  board.o
    0x08005654   0x08005654   0x00000028   Code   RO         5589    i.rt_hw_console_getchar  board.o
    0x0800567c   0x0800567c   0x00000048   Code   RO         5590    i.rt_hw_console_output  board.o
    0x080056c4   0x080056c4   0x00000218   Code   RO         5527    i.rt_hw_hard_fault_exception  cpuport.o
    0x080058dc   0x080058dc   0x0000003c   Code   RO         5528    i.rt_hw_stack_init  cpuport.o
    0x08005918   0x08005918   0x0000001c   Code   RO         4989    i.rt_interrupt_enter  irq.o
    0x08005934   0x08005934   0x0000001c   Code   RO         4991    i.rt_interrupt_leave  irq.o
    0x08005950   0x08005950   0x00000020   Code   RO         5021    i.rt_kprintf        kservice.o
    0x08005970   0x08005970   0x0000000e   Code   RO         5325    i.rt_list_insert_after  thread.o
    0x0800597e   0x0800597e   0x0000000e   Code   RO         5442    i.rt_list_insert_after  timer.o
    0x0800598c   0x0800598c   0x00000012   Code   RO         5676    i.rt_list_len       cmd.o
    0x0800599e   0x0800599e   0x00000012   Code   RO         5326    i.rt_list_remove    thread.o
    0x080059b0   0x080059b0   0x00000012   Code   RO         5443    i.rt_list_remove    timer.o
    0x080059c2   0x080059c2   0x00000002   PAD
    0x080059c4   0x080059c4   0x00000032   Code   RO         5025    i.rt_memmove        kservice.o
    0x080059f6   0x080059f6   0x00000002   PAD
    0x080059f8   0x080059f8   0x00000046   Code   RO         5026    i.rt_memset         kservice.o
    0x08005a3e   0x08005a3e   0x00000024   Code   RO         5190    i.rt_object_detach  object.o
    0x08005a62   0x08005a62   0x00000002   PAD
    0x08005a64   0x08005a64   0x00000024   Code   RO         5192    i.rt_object_get_information  object.o
    0x08005a88   0x08005a88   0x00000052   Code   RO         5196    i.rt_object_init    object.o
    0x08005ada   0x08005ada   0x0000000e   Code   RO         5197    i.rt_object_is_systemobject  object.o
    0x08005ae8   0x08005ae8   0x00000058   Code   RO         5258    i.rt_schedule       scheduler.o
    0x08005b40   0x08005b40   0x00000050   Code   RO         5259    i.rt_schedule_insert_thread  scheduler.o
    0x08005b90   0x08005b90   0x00000048   Code   RO         5260    i.rt_schedule_remove_thread  scheduler.o
    0x08005bd8   0x08005bd8   0x00000024   Code   RO         4938    i.rt_sem_init       ipc.o
    0x08005bfc   0x08005bfc   0x000000b0   Code   RO         5028    i.rt_show_version   kservice.o
    0x08005cac   0x08005cac   0x00000010   Code   RO         5033    i.rt_strlen         kservice.o
    0x08005cbc   0x08005cbc   0x00000026   Code   RO         5035    i.rt_strncpy        kservice.o
    0x08005ce2   0x08005ce2   0x00000002   PAD
    0x08005ce4   0x08005ce4   0x00000034   Code   RO         5261    i.rt_system_scheduler_init  scheduler.o
    0x08005d18   0x08005d18   0x00000028   Code   RO         5262    i.rt_system_scheduler_start  scheduler.o
    0x08005d40   0x08005d40   0x0000000c   Code   RO         5444    i.rt_system_timer_init  timer.o
    0x08005d4c   0x08005d4c   0x00000002   Code   RO         5445    i.rt_system_timer_thread_init  timer.o
    0x08005d4e   0x08005d4e   0x00000002   PAD
    0x08005d50   0x08005d50   0x0000005c   Code   RO         5331    i.rt_thread_exit    thread.o
    0x08005dac   0x08005dac   0x00000002   Code   RO         4903    i.rt_thread_idle_entry  idle.o
    0x08005dae   0x08005dae   0x00000002   PAD
    0x08005db0   0x08005db0   0x00000038   Code   RO         4906    i.rt_thread_idle_init  idle.o
    0x08005de8   0x08005de8   0x00000030   Code   RO         5333    i.rt_thread_init    thread.o
    0x08005e18   0x08005e18   0x0000000e   Code   RO         5334    i.rt_thread_mdelay  thread.o
    0x08005e26   0x08005e26   0x0000003c   Code   RO         5335    i.rt_thread_resume  thread.o
    0x08005e62   0x08005e62   0x00000002   PAD
    0x08005e64   0x08005e64   0x0000000c   Code   RO         5336    i.rt_thread_self    thread.o
    0x08005e70   0x08005e70   0x00000040   Code   RO         5337    i.rt_thread_sleep   thread.o
    0x08005eb0   0x08005eb0   0x0000002c   Code   RO         5338    i.rt_thread_startup  thread.o
    0x08005edc   0x08005edc   0x00000042   Code   RO         5339    i.rt_thread_suspend  thread.o
    0x08005f1e   0x08005f1e   0x00000020   Code   RO         5340    i.rt_thread_timeout  thread.o
    0x08005f3e   0x08005f3e   0x00000002   PAD
    0x08005f40   0x08005f40   0x00000060   Code   RO         5341    i.rt_thread_yield   thread.o
    0x08005fa0   0x08005fa0   0x00000032   Code   RO         4763    i.rt_tick_from_millisecond  clock.o
    0x08005fd2   0x08005fd2   0x00000002   PAD
    0x08005fd4   0x08005fd4   0x0000000c   Code   RO         4764    i.rt_tick_get       clock.o
    0x08005fe0   0x08005fe0   0x0000002c   Code   RO         4765    i.rt_tick_increase  clock.o
    0x0800600c   0x0800600c   0x0000008c   Code   RO         5446    i.rt_timer_check    timer.o
    0x08006098   0x08006098   0x00000048   Code   RO         5447    i.rt_timer_control  timer.o
    0x080060e0   0x080060e0   0x00000028   Code   RO         5448    i.rt_timer_detach   timer.o
    0x08006108   0x08006108   0x00000030   Code   RO         5449    i.rt_timer_init     timer.o
    0x08006138   0x08006138   0x00000084   Code   RO         5451    i.rt_timer_start    timer.o
    0x080061bc   0x080061bc   0x0000002e   Code   RO         5452    i.rt_timer_stop     timer.o
    0x080061ea   0x080061ea   0x00000002   PAD
    0x080061ec   0x080061ec   0x00000284   Code   RO         5038    i.rt_vsnprintf      kservice.o
    0x08006470   0x08006470   0x00000004   Code   RO         4833    i.rti_board_end     components.o
    0x08006474   0x08006474   0x00000004   Code   RO         4834    i.rti_board_start   components.o
    0x08006478   0x08006478   0x00000004   Code   RO         4835    i.rti_end           components.o
    0x0800647c   0x0800647c   0x00000004   Code   RO         4836    i.rti_start         components.o
    0x08006480   0x08006480   0x0000002a   Code   RO         4837    i.rtthread_startup  components.o
    0x080064aa   0x080064aa   0x00000028   Code   RO         5040    i.skip_atoi         kservice.o
    0x080064d2   0x080064d2   0x00000002   PAD
    0x080064d4   0x080064d4   0x00000034   Code   RO         5591    i.uart_init         board.o
    0x08006508   0x08006508   0x000000d0   Code   RO         5529    i.usage_fault_track  cpuport.o
    0x080065d8   0x080065d8   0x0000000a   Code   RO         5677    i.version           cmd.o
    0x080065e2   0x080065e2   0x0000000a   Code   RO         6069    x$fpl$fpinit        fz_wm.l(fpinit.o)
    0x080065ec   0x080065ec   0x00000008   Data   RO         1879    .constdata          stm32f4xx_hal_dma.o
    0x080065f4   0x080065f4   0x00000010   Data   RO         4725    .constdata          system_stm32f4xx.o
    0x08006604   0x08006604   0x00000008   Data   RO         4726    .constdata          system_stm32f4xx.o
    0x0800660c   0x0800660c   0x00000122   Data   RO         5042    .constdata          kservice.o
    0x0800672e   0x0800672e   0x00000002   PAD
    0x08006730   0x08006730   0x00000044   Data   RO         5678    .conststring        cmd.o
    0x08006774   0x08006774   0x00000006   Data   RO         5679    .rodata.name        cmd.o
    0x0800677a   0x0800677a   0x00000010   Data   RO         5680    .rodata.name        cmd.o
    0x0800678a   0x0800678a   0x00000008   Data   RO         5681    .rodata.name        cmd.o
    0x08006792   0x08006792   0x00000023   Data   RO         5682    .rodata.name        cmd.o
    0x080067b5   0x080067b5   0x0000000e   Data   RO         5683    .rodata.name        cmd.o
    0x080067c3   0x080067c3   0x00000023   Data   RO         5684    .rodata.name        cmd.o
    0x080067e6   0x080067e6   0x0000000c   Data   RO         5685    .rodata.name        cmd.o
    0x080067f2   0x080067f2   0x0000000c   Data   RO         5686    .rodata.name        cmd.o
    0x080067fe   0x080067fe   0x00000012   Data   RO         5687    .rodata.name        cmd.o
    0x08006810   0x08006810   0x0000000c   Data   RO         5688    .rodata.name        cmd.o
    0x0800681c   0x0800681c   0x00000009   Data   RO         5689    .rodata.name        cmd.o
    0x08006825   0x08006825   0x00000019   Data   RO         5690    .rodata.name        cmd.o
    0x0800683e   0x0800683e   0x0000000f   Data   RO         5691    .rodata.name        cmd.o
    0x0800684d   0x0800684d   0x00000019   Data   RO         5692    .rodata.name        cmd.o
    0x08006866   0x08006866   0x0000000b   Data   RO         5693    .rodata.name        cmd.o
    0x08006871   0x08006871   0x00000015   Data   RO         5694    .rodata.name        cmd.o
    0x08006886   0x08006886   0x00000011   Data   RO         5695    .rodata.name        cmd.o
    0x08006897   0x08006897   0x00000015   Data   RO         5696    .rodata.name        cmd.o
    0x080068ac   0x080068ac   0x00000005   Data   RO         5697    .rodata.name        cmd.o
    0x080068b1   0x080068b1   0x0000001a   Data   RO         5698    .rodata.name        cmd.o
    0x080068cb   0x080068cb   0x0000000b   Data   RO         5788    .rodata.name        msh.o
    0x080068d6   0x080068d6   0x00000016   Data   RO         5789    .rodata.name        msh.o
    0x080068ec   0x080068ec   0x00000009   Data   RO         5790    .rodata.name        msh.o
    0x080068f5   0x080068f5   0x0000001c   Data   RO         5791    .rodata.name        msh.o
    0x08006911   0x08006911   0x00000003   PAD
    0x08006914   0x08006914   0x00000004   Data   RO         4839    .rti_fn.0           components.o
    0x08006918   0x08006918   0x00000004   Data   RO         4840    .rti_fn.0.end       components.o
    0x0800691c   0x0800691c   0x00000004   Data   RO         5593    .rti_fn.1           board.o
    0x08006920   0x08006920   0x00000004   Data   RO         4841    .rti_fn.1.end       components.o
    0x08006924   0x08006924   0x00000004   Data   RO         5855    .rti_fn.6           shell.o
    0x08006928   0x08006928   0x00000004   Data   RO         4842    .rti_fn.6.end       components.o
    0x0800692c   0x0800692c   0x00000078   Data   RO         5699    FSymTab             cmd.o
    0x080069a4   0x080069a4   0x00000018   Data   RO         5792    FSymTab             msh.o
    0x080069bc   0x080069bc   0x00000020   Data   RO         6163    Region$$Table       anon$$obj.o
    0x080069dc   0x080069dc   0x00000004   Data   RO         5936    .init_array         canservice.o
    0x080069e0   0x080069dc   0x00000000   Data   RO         5995    .init_array         c_w.l(init_aeabi.o)


    Execution Region RW_IRAM2 (Exec base: 0x10000000, Load base: 0x08006a74, Size: 0x00000000, Max: 0x00010000, ABSOLUTE)

    **** No section assigned to this execution region ****


    Execution Region RW_IRAM1 (Exec base: 0x20000000, Load base: 0x080069e0, Size: 0x00007698, Max: 0x00030000, ABSOLUTE)

    Exec Addr    Load Addr    Size         Type   Attr      Idx    E Section Name        Object

    0x20000000   0x080069e0   0x00000004   Data   RW          439    .data               can.o
    0x20000004   0x080069e4   0x0000000c   Data   RW         2326    .data               stm32f4xx_hal.o
    0x20000010   0x080069f0   0x00000004   Data   RW         4727    .data               system_stm32f4xx.o
    0x20000014   0x080069f4   0x00000004   Data   RW         4767    .data               clock.o
    0x20000018   0x080069f8   0x00000001   Data   RW         4992    .data               irq.o
    0x20000019   0x080069f9   0x00000003   PAD
    0x2000001c   0x080069fc   0x00000030   Data   RW         5199    .data               object.o
    0x2000004c   0x08006a2c   0x00000014   Data   RW         5264    .data               scheduler.o
    0x20000060   0x08006a40   0x0000000c   Data   RW         5453    .data               timer.o
    0x2000006c   0x08006a4c   0x00000004   Data   RW         5530    .data               cpuport.o
    0x20000070   0x08006a50   0x00000004   Data   RW         5531    .data               cpuport.o
    0x20000074   0x08006a54   0x00000004   Data   RW         5532    .data               cpuport.o
    0x20000078   0x08006a58   0x00000004   Data   RW         5533    .data               cpuport.o
    0x2000007c   0x08006a5c   0x00000018   Data   RW         5854    .data               shell.o
    0x20000094        -       0x00000150   Zero   RW          390    .bss                adc.o
    0x200001e4        -       0x00000050   Zero   RW          438    .bss                can.o
    0x20000234        -       0x00000014   Zero   RW          486    .bss                dac.o
    0x20000248        -       0x00000058   Zero   RW          585    .bss                spi.o
    0x200002a0        -       0x00000240   Zero   RW          637    .bss                tim.o
    0x200004e0        -       0x0000047c   Zero   RW          735    .bss                usart.o
    0x2000095c   0x08006a74   0x00000004   PAD
    0x20000960        -       0x00000478   Zero   RW         4838    .bss                components.o
    0x20000dd8        -       0x000000f8   Zero   RW         4907    .bss                idle.o
    0x20000ed0        -       0x00000080   Zero   RW         5041    .bss                kservice.o
    0x20000f50        -       0x00000100   Zero   RW         5263    .bss                scheduler.o
    0x20001050        -       0x00000044   Zero   RW         5592    .bss                board.o
    0x20001094        -       0x00000574   Zero   RW         5853    .bss                shell.o
    0x20001608        -       0x0000002c   Zero   RW         5935    .bss                canservice.o
    0x20001634        -       0x00000060   Zero   RW         6092    .bss                c_w.l(libspace.o)
    0x20001694   0x08006a74   0x00000004   PAD
    0x20001698        -       0x00002000   Zero   RW            2    HEAP                startup_stm32f427xx.o
    0x20003698        -       0x00004000   Zero   RW            1    STACK               startup_stm32f427xx.o


==============================================================================

Image component sizes


      Code (inc. data)   RO Data    RW Data    ZI Data      Debug   Object Name

       580         62          0          0        336       2646   adc.o
       534         44          4          0         68       5195   board.o
        68         28          0          0          0       1634   callbackadministration.o
       452         40          0          4         80       2466   can.o
       112         10          4          0         44       1452   canservice.o
       106         12          0          4          0       8874   clock.o
      1402        532        531          0          0      13928   cmd.o
       198         32         16          0       1144       6728   components.o
       308         28          0          0          0        888   context_rvds.o
      1372        736          0         16          0       6978   cpuport.o
       188         22          0          0         20       1647   dac.o
       188          4          0          0          0        850   dma.o
       432         30          0          0          0     783011   gpio.o
        58         16          0          0        248       1880   idle.o
        36          0          0          0          0       4234   ipc.o
        56         12          0          1          0       1806   irq.o
      1438        158        290          0        128      11689   kservice.o
        52         34          0          0          0     665451   main.o
       770        162         94          0          0       7625   msh.o
       168          6          0         48          0       6600   object.o
       416         56          0         20        256       8758   scheduler.o
       900        116          4         24       1396      10839   shell.o
       180         24          0          0         88       1649   spi.o
        64         26        428          0      24576        844   startup_stm32f427xx.o
       128         20          0         12          0       8395   stm32f4xx_hal.o
      1044         34          0          0          0       5510   stm32f4xx_hal_adc.o
         2          0          0          0          0        981   stm32f4xx_hal_adc_ex.o
      1438          6          0          0          0      13112   stm32f4xx_hal_can.o
       198         14          0          0          0      33935   stm32f4xx_hal_cortex.o
       216          0          0          0          0       3193   stm32f4xx_hal_dac.o
         2          0          0          0          0        947   stm32f4xx_hal_dac_ex.o
       934         16          8          0          0       5611   stm32f4xx_hal_dma.o
       600         60          0          0          0       3384   stm32f4xx_hal_gpio.o
        48          6          0          0          0        826   stm32f4xx_hal_msp.o
      1360         82          0          0          0       5712   stm32f4xx_hal_rcc.o
       188          0          0          0          0       1195   stm32f4xx_hal_spi.o
      1792        108          0          0          0      14864   stm32f4xx_hal_tim.o
       232         28          0          0          0       3269   stm32f4xx_hal_tim_ex.o
      1574         16          0          0          0      10488   stm32f4xx_hal_uart.o
       348        158          0          0          0      14390   stm32f4xx_it.o
       140         24         24          4          0       1835   system_stm32f4xx.o
       716         44          0          0          0      12636   thread.o
      1436        146          0          0        576       7817   tim.o
       530         20          0         12          0      11208   timer.o
      1388        136          0          0       1148       6431   usart.o

    ----------------------------------------------------------------------
     24456       3108       1440        148      30112    1723411   Object Totals
         0          0         32          0          0          0   (incl. Generated)
        64          0          5          3          4          0   (incl. Padding)

    ----------------------------------------------------------------------

      Code (inc. data)   RO Data    RW Data    ZI Data      Debug   Library Member Name

         8          0          0          0          0         68   __main.o
         0          0          0          0          0          0   __rtentry.o
        12          0          0          0          0          0   __rtentry2.o
         6          0          0          0          0          0   __rtentry4.o
        52          8          0          0          0          0   __scatter.o
        26          0          0          0          0          0   __scatter_copy.o
        28          0          0          0          0          0   __scatter_zi.o
        18          0          0          0          0         80   exit.o
         6          0          0          0          0        152   heapauxi.o
         0          0          0          0          0          0   indicate_semi.o
        36         10          0          0          0         80   init_aeabi.o
         2          0          0          0          0          0   libinit.o
        10          0          0          0          0          0   libinit2.o
         2          0          0          0          0          0   libshutdown.o
         2          0          0          0          0          0   libshutdown2.o
         8          4          0          0         96         68   libspace.o
       238          0          0          0          0        100   lludivv7m.o
        68          0          0          0          0         68   rt_memclr.o
        78          0          0          0          0         80   rt_memclr_w.o
       100          0          0          0          0         80   rt_memcpy_w.o
         2          0          0          0          0          0   rtexit.o
        10          0          0          0          0          0   rtexit2.o
        24          0          0          0          0         68   strcat.o
        72          0          0          0          0         80   strcpy.o
        62          0          0          0          0         76   strlen.o
       150          0          0          0          0         80   strncmp.o
        86          0          0          0          0         76   strncpy.o
        12          4          0          0          0         68   sys_exit.o
        74          0          0          0          0         80   sys_stackheap_outer.o
         2          0          0          0          0         68   use_no_semi.o
        10          0          0          0          0        116   fpinit.o

    ----------------------------------------------------------------------
      1208         26          0          0        100       1488   Library Totals
         4          0          0          0          4          0   (incl. Padding)

    ----------------------------------------------------------------------

      Code (inc. data)   RO Data    RW Data    ZI Data      Debug   Library Name

      1194         26          0          0         96       1372   c_w.l
        10          0          0          0          0        116   fz_wm.l

    ----------------------------------------------------------------------
      1208         26          0          0        100       1488   Library Totals

    ----------------------------------------------------------------------

==============================================================================


      Code (inc. data)   RO Data    RW Data    ZI Data      Debug   

     25664       3134       1440        148      30212    1698823   Grand Totals
     25664       3134       1440        148      30212    1698823   ELF Image Totals
     25664       3134       1440        148          0          0   ROM Totals

==============================================================================

    Total RO  Size (Code + RO Data)                27104 (  26.47kB)
    Total RW  Size (RW Data + ZI Data)             30360 (  29.65kB)
    Total ROM Size (Code + RO Data + RW Data)      27252 (  26.61kB)

==============================================================================

