<html>
<body>
<pre>
<h1>µVision Build Log</h1>
<h2>Tool Versions:</h2>
IDE-Version: ¦ÌVision V5.28.0.0
Copyright (C) 2019 ARM Ltd and ARM Germany GmbH. All rights reserved.
License Information: ym lang, sjtu, LIC=14HV2-936LI-SBMEJ-ULHT6-W0ZQH-1RN8D
 
Tool Versions:
Toolchain:       MDK-ARM Plus  Version: 5.28.0.0
Toolchain Path:  D:\Keil_v5\ARM\ARMCC\Bin
C Compiler:      Armcc.exe V5.06 update 6 (build 750)
Assembler:       Armasm.exe V5.06 update 6 (build 750)
Linker/Locator:  ArmLink.exe V5.06 update 6 (build 750)
Library Manager: ArmAr.exe V5.06 update 6 (build 750)
Hex Converter:   FromElf.exe V5.06 update 6 (build 750)
CPU DLL:         SARMCM3.DLL V5.28.0.0
Dialog DLL:      DCM.DLL V1.17.3.0
Target DLL:      STLink\ST-LINKIII-KEIL_SWO.dll V3.0.6.0
Dialog DLL:      TCM.DLL V1.36.2.0
 
<h2>Project:</h2>
E:\FlyingControl\Frame_robomaster_a\MDK-ARM\RM_frame.uvprojx
Project File Date:  10/01/2022

<h2>Output:</h2>
*** Using Compiler 'V5.06 update 6 (build 750)', folder: 'D:\Keil_v5\ARM\ARMCC\Bin'
Build target 'RM_frame'
compiling Motors.cpp...
../Inc/includes.h(18): warning:  #1-D: last line of file ends without a newline
  #endif
../Inc/CANservice.h(22): warning:  #1-D: last line of file ends without a newline
  #endif
../Inc/CallbackAdministration.h(14): warning:  #1-D: last line of file ends without a newline
  #endif
../Inc/includes.h(18): warning:  #1-D: last line of file ends without a newline
  #endif
..\Device\Motors.cpp(5): warning:  #1-D: last line of file ends without a newline
  **/
..\Device\Motors.cpp: 5 warnings, 0 errors
compiling CANservice.cpp...
../Inc/includes.h(18): warning:  #1-D: last line of file ends without a newline
  #endif
../Inc/CANservice.h(22): warning:  #1-D: last line of file ends without a newline
  #endif
../Inc/CallbackAdministration.h(14): warning:  #1-D: last line of file ends without a newline
  #endif
../Inc/includes.h(18): warning:  #1-D: last line of file ends without a newline
  #endif
..\Communication\CANservice.cpp(42): warning:  #940-D: missing return statement at end of non-void function "CAN::TxHandle" 
  }
..\Communication\CANservice.cpp(52): warning:  #940-D: missing return statement at end of non-void function "CAN::RxHandle" 
  }
..\Communication\CANservice.cpp(53): warning:  #1-D: last line of file ends without a newline
  CAN CAN::can1;
..\Communication\CANservice.cpp: 7 warnings, 0 errors
linking...
Program Size: Code=25664 RO-data=1440 RW-data=148 ZI-data=30212  
FromELF: creating hex file...
"RM_frame\RM_frame.axf" - 0 Error(s), 12 Warning(s).

<h2>Software Packages used:</h2>

Package Vendor: ARM
                http://www.keil.com/pack/ARM.CMSIS.5.8.0.pack
                ARM.CMSIS.5.8.0
                CMSIS (Common Microcontroller Software Interface Standard)
   * Component: CORE Version: 5.5.0

Package Vendor: Keil
                http://www.keil.com/pack/Keil.STM32F4xx_DFP.2.16.0.pack
                Keil.STM32F4xx_DFP.2.16.0
                STMicroelectronics STM32F4 Series Device Support, Drivers and Examples

<h2>Collection of Component include folders:</h2>
  .\RTE\_RM_frame
  D:\AppData\Local\Arm\Packs\ARM\CMSIS\5.8.0\CMSIS\Core\Include
  D:\AppData\Local\Arm\Packs\Keil\STM32F4xx_DFP\2.16.0\Drivers\CMSIS\Device\ST\STM32F4xx\Include

<h2>Collection of Component Files used:</h2>

   * Component: ARM::CMSIS:CORE:5.5.0
Build Time Elapsed:  00:00:04
</pre>
</body>
</html>
